may 07 23:19:07 hackstation kernel: Linux version 6.13.7 (nixbld@localhost) (gcc (GCC) 14.2.1 20241116, GNU ld (GNU Binutils) 2.43.1) #1-NixOS SMP PREEMPT_DYNAMIC Thu Mar 13 12:08:08 UTC 2025
may 07 23:19:07 hackstation kernel: Command line: initrd=\EFI\nixos\zihpjsh1vvli14sr87cxvpn27ys34n7k-initrd-linux-6.13.7-initrd.efi init=/nix/store/2if5q0gfz65zaj617f7smi4vidh069s8-nixos-system-hackstation-25.05.20250319.a84ebe2/init module.sig_enforce=1 lockdown=confidentiality efi=disable_early_pci_dma iommu.passthrough=0 mitigations=auto,nosmt pti=on extra_latent_entropy ia32_emulation=0 slab_nomerge init_on_alloc=1 init_on_free=1 page_alloc.shuffle=1 randomize_kstack_offset=on vsyscall=none debugfs=off oops=panic quiet loglevel=0 random.trust_cpu=off random.trust_bootloader=off intel_iommu=on iommu=force iommu.strict=1 amd_iommu=force_isolation ia32_emulation=1 mitigations=auto amd_pstate=active processor.max_cstate=5 resume_offset=533760 loglevel=4 nohibernate apparmor=1 security=apparmor nvidia-drm.modeset=1 nvidia-drm.fbdev=1 nvidia.NVreg_PreserveVideoMemoryAllocations=1 nvidia.NVreg_OpenRmEnableUnsupportedGpus=1
may 07 23:19:07 hackstation kernel: BIOS-provided physical RAM map:
may 07 23:19:07 hackstation kernel: BIOS-e820: [mem 0x0000000000000000-0x000000000009ffff] usable
may 07 23:19:07 hackstation kernel: BIOS-e820: [mem 0x00000000000a0000-0x00000000000fffff] reserved
may 07 23:19:07 hackstation kernel: BIOS-e820: [mem 0x0000000000100000-0x0000000009afefff] usable
may 07 23:19:07 hackstation kernel: BIOS-e820: [mem 0x0000000009aff000-0x0000000009ffffff] reserved
may 07 23:19:07 hackstation kernel: BIOS-e820: [mem 0x000000000a000000-0x000000000a1fffff] usable
may 07 23:19:07 hackstation kernel: BIOS-e820: [mem 0x000000000a200000-0x000000000a20ffff] ACPI NVS
may 07 23:19:07 hackstation kernel: BIOS-e820: [mem 0x000000000a210000-0x000000000affffff] usable
may 07 23:19:07 hackstation kernel: BIOS-e820: [mem 0x000000000b000000-0x000000000b020fff] reserved
may 07 23:19:07 hackstation kernel: BIOS-e820: [mem 0x000000000b021000-0x000000008527efff] usable
may 07 23:19:07 hackstation kernel: BIOS-e820: [mem 0x000000008527f000-0x000000008b27efff] reserved
may 07 23:19:07 hackstation kernel: BIOS-e820: [mem 0x000000008b27f000-0x000000008d27efff] ACPI data
may 07 23:19:07 hackstation kernel: BIOS-e820: [mem 0x000000008d27f000-0x000000008f27efff] ACPI NVS
may 07 23:19:07 hackstation kernel: BIOS-e820: [mem 0x000000008f27f000-0x00000000973fefff] reserved
may 07 23:19:07 hackstation kernel: BIOS-e820: [mem 0x00000000973ff000-0x0000000099ff9fff] usable
may 07 23:19:07 hackstation kernel: BIOS-e820: [mem 0x0000000099ffa000-0x0000000099ffcfff] reserved
may 07 23:19:07 hackstation kernel: BIOS-e820: [mem 0x0000000099ffd000-0x0000000099ffffff] usable
may 07 23:19:07 hackstation kernel: BIOS-e820: [mem 0x000000009a000000-0x000000009bffffff] reserved
may 07 23:19:07 hackstation kernel: BIOS-e820: [mem 0x000000009d7f3000-0x000000009fffffff] reserved
may 07 23:19:07 hackstation kernel: BIOS-e820: [mem 0x00000000e0000000-0x00000000efffffff] reserved
may 07 23:19:07 hackstation kernel: BIOS-e820: [mem 0x00000000f7000000-0x00000000ffffffff] reserved
may 07 23:19:07 hackstation kernel: BIOS-e820: [mem 0x0000000100000000-0x000000103defffff] usable
may 07 23:19:07 hackstation kernel: BIOS-e820: [mem 0x000000103ef40000-0x00000010801fffff] reserved
may 07 23:19:07 hackstation kernel: BIOS-e820: [mem 0x000000fd00000000-0x000000ffffffffff] reserved
may 07 23:19:07 hackstation kernel: NX (Execute Disable) protection: active
may 07 23:19:07 hackstation kernel: APIC: Static calls initialized
may 07 23:19:07 hackstation kernel: e820: update [mem 0x7c26e018-0x7c292a57] usable ==> usable
may 07 23:19:07 hackstation kernel: e820: update [mem 0x7c263018-0x7c26de57] usable ==> usable
may 07 23:19:07 hackstation kernel: extended physical RAM map:
may 07 23:19:07 hackstation kernel: reserve setup_data: [mem 0x0000000000000000-0x000000000009ffff] usable
may 07 23:19:07 hackstation kernel: reserve setup_data: [mem 0x00000000000a0000-0x00000000000fffff] reserved
may 07 23:19:07 hackstation kernel: reserve setup_data: [mem 0x0000000000100000-0x0000000009afefff] usable
may 07 23:19:07 hackstation kernel: reserve setup_data: [mem 0x0000000009aff000-0x0000000009ffffff] reserved
may 07 23:19:07 hackstation kernel: reserve setup_data: [mem 0x000000000a000000-0x000000000a1fffff] usable
may 07 23:19:07 hackstation kernel: reserve setup_data: [mem 0x000000000a200000-0x000000000a20ffff] ACPI NVS
may 07 23:19:07 hackstation kernel: reserve setup_data: [mem 0x000000000a210000-0x000000000affffff] usable
may 07 23:19:07 hackstation kernel: reserve setup_data: [mem 0x000000000b000000-0x000000000b020fff] reserved
may 07 23:19:07 hackstation kernel: reserve setup_data: [mem 0x000000000b021000-0x000000007c263017] usable
may 07 23:19:07 hackstation kernel: reserve setup_data: [mem 0x000000007c263018-0x000000007c26de57] usable
may 07 23:19:07 hackstation kernel: reserve setup_data: [mem 0x000000007c26de58-0x000000007c26e017] usable
may 07 23:19:07 hackstation kernel: reserve setup_data: [mem 0x000000007c26e018-0x000000007c292a57] usable
may 07 23:19:07 hackstation kernel: reserve setup_data: [mem 0x000000007c292a58-0x000000008527efff] usable
may 07 23:19:07 hackstation kernel: reserve setup_data: [mem 0x000000008527f000-0x000000008b27efff] reserved
may 07 23:19:07 hackstation kernel: reserve setup_data: [mem 0x000000008b27f000-0x000000008d27efff] ACPI data
may 07 23:19:07 hackstation kernel: reserve setup_data: [mem 0x000000008d27f000-0x000000008f27efff] ACPI NVS
may 07 23:19:07 hackstation kernel: reserve setup_data: [mem 0x000000008f27f000-0x00000000973fefff] reserved
may 07 23:19:07 hackstation kernel: reserve setup_data: [mem 0x00000000973ff000-0x0000000099ff9fff] usable
may 07 23:19:07 hackstation kernel: reserve setup_data: [mem 0x0000000099ffa000-0x0000000099ffcfff] reserved
may 07 23:19:07 hackstation kernel: reserve setup_data: [mem 0x0000000099ffd000-0x0000000099ffffff] usable
may 07 23:19:07 hackstation kernel: reserve setup_data: [mem 0x000000009a000000-0x000000009bffffff] reserved
may 07 23:19:07 hackstation kernel: reserve setup_data: [mem 0x000000009d7f3000-0x000000009fffffff] reserved
may 07 23:19:07 hackstation kernel: reserve setup_data: [mem 0x00000000e0000000-0x00000000efffffff] reserved
may 07 23:19:07 hackstation kernel: reserve setup_data: [mem 0x00000000f7000000-0x00000000ffffffff] reserved
may 07 23:19:07 hackstation kernel: reserve setup_data: [mem 0x0000000100000000-0x000000103defffff] usable
may 07 23:19:07 hackstation kernel: reserve setup_data: [mem 0x000000103ef40000-0x00000010801fffff] reserved
may 07 23:19:07 hackstation kernel: reserve setup_data: [mem 0x000000fd00000000-0x000000ffffffffff] reserved
may 07 23:19:07 hackstation kernel: efi: EFI v2.9 by American Megatrends
may 07 23:19:07 hackstation kernel: efi: ACPI=0x8f266000 ACPI 2.0=0x8f266014 TPMFinalLog=0x8f233000 SMBIOS=0x970d8000 SMBIOS 3.0=0x970d7000 MEMATTR=0x7d013698 ESRT=0x8128c198 RNG=0x8c51bf18 INITRD=0x7d006c18 TPMEventLog=0x8c516018 
may 07 23:19:07 hackstation kernel: efi: Remove mem91: MMIO range=[0xe0000000-0xefffffff] (256MB) from e820 map
may 07 23:19:07 hackstation kernel: e820: remove [mem 0xe0000000-0xefffffff] reserved
may 07 23:19:07 hackstation kernel: efi: Remove mem92: MMIO range=[0xf7000000-0xfedfffff] (126MB) from e820 map
may 07 23:19:07 hackstation kernel: e820: remove [mem 0xf7000000-0xfedfffff] reserved
may 07 23:19:07 hackstation kernel: efi: Not removing mem93: MMIO range=[0xfee00000-0xfee00fff] (4KB) from e820 map
may 07 23:19:07 hackstation kernel: efi: Remove mem94: MMIO range=[0xfee01000-0xffffffff] (17MB) from e820 map
may 07 23:19:07 hackstation kernel: e820: remove [mem 0xfee01000-0xffffffff] reserved
may 07 23:19:07 hackstation kernel: efi: Remove mem96: MMIO range=[0x1060000000-0x10801fffff] (514MB) from e820 map
may 07 23:19:07 hackstation kernel: e820: remove [mem 0x1060000000-0x10801fffff] reserved
may 07 23:19:07 hackstation kernel: SMBIOS 3.4.0 present.
may 07 23:19:07 hackstation kernel: DMI: ASRock X670E Steel Legend/X670E Steel Legend, BIOS 3.08 09/18/2024
may 07 23:19:07 hackstation kernel: DMI: Memory slots populated: 2/4
may 07 23:19:07 hackstation kernel: tsc: Fast TSC calibration using PIT
may 07 23:19:07 hackstation kernel: tsc: Detected 4191.888 MHz processor
may 07 23:19:07 hackstation kernel: e820: update [mem 0x00000000-0x00000fff] usable ==> reserved
may 07 23:19:07 hackstation kernel: e820: remove [mem 0x000a0000-0x000fffff] usable
may 07 23:19:07 hackstation kernel: last_pfn = 0x103df00 max_arch_pfn = 0x400000000
may 07 23:19:07 hackstation kernel: MTRR map: 5 entries (3 fixed + 2 variable; max 20), built from 9 variable MTRRs
may 07 23:19:07 hackstation kernel: x86/PAT: Configuration [0-7]: WB  WC  UC- UC  WB  WP  UC- WT  
may 07 23:19:07 hackstation kernel: e820: update [mem 0xa0000000-0xffffffff] usable ==> reserved
may 07 23:19:07 hackstation kernel: last_pfn = 0x9a000 max_arch_pfn = 0x400000000
may 07 23:19:07 hackstation kernel: esrt: Reserving ESRT space from 0x000000008128c198 to 0x000000008128c1d0.
may 07 23:19:07 hackstation kernel: e820: update [mem 0x8128c000-0x8128cfff] usable ==> reserved
may 07 23:19:07 hackstation kernel: Kernel/User page tables isolation: force enabled on command line.
may 07 23:19:07 hackstation kernel: Using GB pages for direct mapping
may 07 23:19:07 hackstation kernel: Secure boot disabled
may 07 23:19:07 hackstation kernel: RAMDISK: [mem 0x79d2d000-0x7aa78fff]
may 07 23:19:07 hackstation kernel: ACPI: Early table checksum verification disabled
may 07 23:19:07 hackstation kernel: ACPI: RSDP 0x000000008F266014 000024 (v02 ALASKA)
may 07 23:19:07 hackstation kernel: ACPI: XSDT 0x000000008F265728 0000F4 (v01 ALASKA A M I    00000001 AMI  01000013)
may 07 23:19:07 hackstation kernel: ACPI: FACP 0x000000008D274000 000114 (v06 ALASKA A M I    00000001 AMI  00010013)
may 07 23:19:07 hackstation kernel: ACPI: DSDT 0x000000008D1F8000 072E5A (v02 ALASKA A M I    00000001 INTL 20220331)
may 07 23:19:07 hackstation kernel: ACPI: FACS 0x000000008F263000 000040
may 07 23:19:07 hackstation kernel: ACPI: SSDT 0x000000008D276000 00816C (v02 AMD    Splinter 00000002 MSFT 05000000)
may 07 23:19:07 hackstation kernel: ACPI: SSDT 0x000000008D275000 000221 (v02 ALASKA CPUSSDT  00000001 AMI  00000001)
may 07 23:19:07 hackstation kernel: ACPI: FIDT 0x000000008D26E000 00009C (v01 ALASKA A M I    00000001 AMI  00010013)
may 07 23:19:07 hackstation kernel: ACPI: MCFG 0x000000008D26D000 00003C (v01 ALASKA A M I    00000001 MSFT 00010013)
may 07 23:19:07 hackstation kernel: ACPI: HPET 0x000000008D26C000 000038 (v01 ALASKA A M I    00000001 AMI  00000005)
may 07 23:19:07 hackstation kernel: ACPI: FPDT 0x000000008D26B000 000044 (v01 ALASKA A M I    01072009 AMI  01000013)
may 07 23:19:07 hackstation kernel: ACPI: VFCT 0x000000008D1ED000 00AE84 (v01 ALASKA A M I    00000001 AMD  33504F47)
may 07 23:19:07 hackstation kernel: ACPI: BGRT 0x000000008D273000 000038 (v01 ALASKA A M I    00000001 AMI  00010013)
may 07 23:19:07 hackstation kernel: ACPI: TPM2 0x000000008D272000 00004C (v04 ALASKA A M I    00000001 AMI  00000000)
may 07 23:19:07 hackstation kernel: ACPI: SSDT 0x000000008D1E8000 004DEE (v02 AMD    AMD CPU  00000001 AMD  00000001)
may 07 23:19:07 hackstation kernel: ACPI: WPBT 0x000000008D271000 000036 (v01 ALASKA A M I    00000001 MSFT 00010013)
may 07 23:19:07 hackstation kernel: ACPI: SSDT 0x000000008D270000 0006D4 (v02 AMD    CPMWLRC  00000001 INTL 20220331)
may 07 23:19:07 hackstation kernel: ACPI: SSDT 0x000000008C534000 00169E (v02 AMD    CPMDFIG2 00000001 INTL 20220331)
may 07 23:19:07 hackstation kernel: ACPI: SSDT 0x000000008C531000 002AA6 (v02 AMD    CDFAAIG2 00000001 INTL 20220331)
may 07 23:19:07 hackstation kernel: ACPI: SSDT 0x000000008D26F000 00078F (v02 AMD    CPMDFDG1 00000001 INTL 20220331)
may 07 23:19:07 hackstation kernel: ACPI: SSDT 0x000000008C527000 009A6C (v02 AMD    CPMCMN   00000001 INTL 20220331)
may 07 23:19:07 hackstation kernel: ACPI: SSDT 0x000000008C524000 002535 (v02 AMD    AOD      00000001 INTL 20220331)
may 07 23:19:07 hackstation kernel: ACPI: WSMT 0x000000008C523000 000028 (v01 ALASKA A M I    00000001 AMI  00010013)
may 07 23:19:07 hackstation kernel: ACPI: APIC 0x000000008C522000 00015E (v06 ALASKA A M I    00000001 AMI  00010013)
may 07 23:19:07 hackstation kernel: ACPI: IVRS 0x000000008C521000 0000C8 (v02 AMD    AmdTable 00000001 AMD  00000001)
may 07 23:19:07 hackstation kernel: ACPI: SSDT 0x000000008C520000 000500 (v02 AMD    MEMTOOL0 00000002 INTL 20220331)
may 07 23:19:07 hackstation kernel: ACPI: SSDT 0x000000008C51F000 00047C (v02 AMD    AMDWOV   00000001 INTL 20220331)
may 07 23:19:07 hackstation kernel: ACPI: SSDT 0x000000008C51E000 00053E (v01 AMD    CPMAPMFD 00000001 INTL 20220331)
may 07 23:19:07 hackstation kernel: ACPI: SSDT 0x000000008C51D000 00044E (v02 AMD    AmdTable 00000001 INTL 20220331)
may 07 23:19:07 hackstation kernel: ACPI: SSDT 0x000000008C51C000 000771 (v02 AMD    AmdTable 00000001 INTL 20220331)
may 07 23:19:07 hackstation kernel: ACPI: Reserving FACP table memory at [mem 0x8d274000-0x8d274113]
may 07 23:19:07 hackstation kernel: ACPI: Reserving DSDT table memory at [mem 0x8d1f8000-0x8d26ae59]
may 07 23:19:07 hackstation kernel: ACPI: Reserving FACS table memory at [mem 0x8f263000-0x8f26303f]
may 07 23:19:07 hackstation kernel: ACPI: Reserving SSDT table memory at [mem 0x8d276000-0x8d27e16b]
may 07 23:19:07 hackstation kernel: ACPI: Reserving SSDT table memory at [mem 0x8d275000-0x8d275220]
may 07 23:19:07 hackstation kernel: ACPI: Reserving FIDT table memory at [mem 0x8d26e000-0x8d26e09b]
may 07 23:19:07 hackstation kernel: ACPI: Reserving MCFG table memory at [mem 0x8d26d000-0x8d26d03b]
may 07 23:19:07 hackstation kernel: ACPI: Reserving HPET table memory at [mem 0x8d26c000-0x8d26c037]
may 07 23:19:07 hackstation kernel: ACPI: Reserving FPDT table memory at [mem 0x8d26b000-0x8d26b043]
may 07 23:19:07 hackstation kernel: ACPI: Reserving VFCT table memory at [mem 0x8d1ed000-0x8d1f7e83]
may 07 23:19:07 hackstation kernel: ACPI: Reserving BGRT table memory at [mem 0x8d273000-0x8d273037]
may 07 23:19:07 hackstation kernel: ACPI: Reserving TPM2 table memory at [mem 0x8d272000-0x8d27204b]
may 07 23:19:07 hackstation kernel: ACPI: Reserving SSDT table memory at [mem 0x8d1e8000-0x8d1ecded]
may 07 23:19:07 hackstation kernel: ACPI: Reserving WPBT table memory at [mem 0x8d271000-0x8d271035]
may 07 23:19:07 hackstation kernel: ACPI: Reserving SSDT table memory at [mem 0x8d270000-0x8d2706d3]
may 07 23:19:07 hackstation kernel: ACPI: Reserving SSDT table memory at [mem 0x8c534000-0x8c53569d]
may 07 23:19:07 hackstation kernel: ACPI: Reserving SSDT table memory at [mem 0x8c531000-0x8c533aa5]
may 07 23:19:07 hackstation kernel: ACPI: Reserving SSDT table memory at [mem 0x8d26f000-0x8d26f78e]
may 07 23:19:07 hackstation kernel: ACPI: Reserving SSDT table memory at [mem 0x8c527000-0x8c530a6b]
may 07 23:19:07 hackstation kernel: ACPI: Reserving SSDT table memory at [mem 0x8c524000-0x8c526534]
may 07 23:19:07 hackstation kernel: ACPI: Reserving WSMT table memory at [mem 0x8c523000-0x8c523027]
may 07 23:19:07 hackstation kernel: ACPI: Reserving APIC table memory at [mem 0x8c522000-0x8c52215d]
may 07 23:19:07 hackstation kernel: ACPI: Reserving IVRS table memory at [mem 0x8c521000-0x8c5210c7]
may 07 23:19:07 hackstation kernel: ACPI: Reserving SSDT table memory at [mem 0x8c520000-0x8c5204ff]
may 07 23:19:07 hackstation kernel: ACPI: Reserving SSDT table memory at [mem 0x8c51f000-0x8c51f47b]
may 07 23:19:07 hackstation kernel: ACPI: Reserving SSDT table memory at [mem 0x8c51e000-0x8c51e53d]
may 07 23:19:07 hackstation kernel: ACPI: Reserving SSDT table memory at [mem 0x8c51d000-0x8c51d44d]
may 07 23:19:07 hackstation kernel: ACPI: Reserving SSDT table memory at [mem 0x8c51c000-0x8c51c770]
may 07 23:19:07 hackstation kernel: No NUMA configuration found
may 07 23:19:07 hackstation kernel: Faking a node at [mem 0x0000000000000000-0x000000103defffff]
may 07 23:19:07 hackstation kernel: NODE_DATA(0) allocated [mem 0x103defa780-0x103deffcbf]
may 07 23:19:07 hackstation kernel: Zone ranges:
may 07 23:19:07 hackstation kernel:   DMA      [mem 0x0000000000001000-0x0000000000ffffff]
may 07 23:19:07 hackstation kernel:   DMA32    [mem 0x0000000001000000-0x00000000ffffffff]
may 07 23:19:07 hackstation kernel:   Normal   [mem 0x0000000100000000-0x000000103defffff]
may 07 23:19:07 hackstation kernel:   Device   empty
may 07 23:19:07 hackstation kernel: Movable zone start for each node
may 07 23:19:07 hackstation kernel: Early memory node ranges
may 07 23:19:07 hackstation kernel:   node   0: [mem 0x0000000000001000-0x000000000009ffff]
may 07 23:19:07 hackstation kernel:   node   0: [mem 0x0000000000100000-0x0000000009afefff]
may 07 23:19:07 hackstation kernel:   node   0: [mem 0x000000000a000000-0x000000000a1fffff]
may 07 23:19:07 hackstation kernel:   node   0: [mem 0x000000000a210000-0x000000000affffff]
may 07 23:19:07 hackstation kernel:   node   0: [mem 0x000000000b021000-0x000000008527efff]
may 07 23:19:07 hackstation kernel:   node   0: [mem 0x00000000973ff000-0x0000000099ff9fff]
may 07 23:19:07 hackstation kernel:   node   0: [mem 0x0000000099ffd000-0x0000000099ffffff]
may 07 23:19:07 hackstation kernel:   node   0: [mem 0x0000000100000000-0x000000103defffff]
may 07 23:19:07 hackstation kernel: Initmem setup node 0 [mem 0x0000000000001000-0x000000103defffff]
may 07 23:19:07 hackstation kernel: On node 0, zone DMA: 1 pages in unavailable ranges
may 07 23:19:07 hackstation kernel: On node 0, zone DMA: 96 pages in unavailable ranges
may 07 23:19:07 hackstation kernel: On node 0, zone DMA32: 1281 pages in unavailable ranges
may 07 23:19:07 hackstation kernel: On node 0, zone DMA32: 16 pages in unavailable ranges
may 07 23:19:07 hackstation kernel: On node 0, zone DMA32: 33 pages in unavailable ranges
may 07 23:19:07 hackstation kernel: On node 0, zone DMA32: 41344 pages in unavailable ranges
may 07 23:19:07 hackstation kernel: On node 0, zone DMA32: 3 pages in unavailable ranges
may 07 23:19:07 hackstation kernel: On node 0, zone Normal: 24576 pages in unavailable ranges
may 07 23:19:07 hackstation kernel: On node 0, zone Normal: 8448 pages in unavailable ranges
may 07 23:19:07 hackstation kernel: ACPI: PM-Timer IO Port: 0x808
may 07 23:19:07 hackstation kernel: ACPI: LAPIC_NMI (acpi_id[0xff] high edge lint[0x1])
may 07 23:19:07 hackstation kernel: IOAPIC[0]: apic_id 32, version 33, address 0xfec00000, GSI 0-23
may 07 23:19:07 hackstation kernel: IOAPIC[1]: apic_id 33, version 33, address 0xfec01000, GSI 24-55
may 07 23:19:07 hackstation kernel: ACPI: INT_SRC_OVR (bus 0 bus_irq 0 global_irq 2 dfl dfl)
may 07 23:19:07 hackstation kernel: ACPI: INT_SRC_OVR (bus 0 bus_irq 9 global_irq 9 low level)
may 07 23:19:07 hackstation kernel: ACPI: Using ACPI (MADT) for SMP configuration information
may 07 23:19:07 hackstation kernel: ACPI: HPET id: 0x10228201 base: 0xfed00000
may 07 23:19:07 hackstation kernel: e820: update [mem 0x7e9c6000-0x7ea06fff] usable ==> reserved
may 07 23:19:07 hackstation kernel: CPU topo: Max. logical packages:   1
may 07 23:19:07 hackstation kernel: CPU topo: Max. logical dies:       1
may 07 23:19:07 hackstation kernel: CPU topo: Max. dies per package:   1
may 07 23:19:07 hackstation kernel: CPU topo: Max. threads per core:   2
may 07 23:19:07 hackstation kernel: CPU topo: Num. cores per package:     8
may 07 23:19:07 hackstation kernel: CPU topo: Num. threads per package:  16
may 07 23:19:07 hackstation kernel: CPU topo: Allowing 16 present CPUs plus 0 hotplug CPUs
may 07 23:19:07 hackstation kernel: PM: hibernation: Registered nosave memory: [mem 0x00000000-0x00000fff]
may 07 23:19:07 hackstation kernel: PM: hibernation: Registered nosave memory: [mem 0x000a0000-0x000fffff]
may 07 23:19:07 hackstation kernel: PM: hibernation: Registered nosave memory: [mem 0x09aff000-0x09ffffff]
may 07 23:19:07 hackstation kernel: PM: hibernation: Registered nosave memory: [mem 0x0a200000-0x0a20ffff]
may 07 23:19:07 hackstation kernel: PM: hibernation: Registered nosave memory: [mem 0x0b000000-0x0b020fff]
may 07 23:19:07 hackstation kernel: PM: hibernation: Registered nosave memory: [mem 0x7c263000-0x7c263fff]
may 07 23:19:07 hackstation kernel: PM: hibernation: Registered nosave memory: [mem 0x7c26d000-0x7c26dfff]
may 07 23:19:07 hackstation kernel: PM: hibernation: Registered nosave memory: [mem 0x7c26e000-0x7c26efff]
may 07 23:19:07 hackstation kernel: PM: hibernation: Registered nosave memory: [mem 0x7c292000-0x7c292fff]
may 07 23:19:07 hackstation kernel: PM: hibernation: Registered nosave memory: [mem 0x7e9c6000-0x7ea06fff]
may 07 23:19:07 hackstation kernel: PM: hibernation: Registered nosave memory: [mem 0x8128c000-0x8128cfff]
may 07 23:19:07 hackstation kernel: PM: hibernation: Registered nosave memory: [mem 0x8527f000-0x8b27efff]
may 07 23:19:07 hackstation kernel: PM: hibernation: Registered nosave memory: [mem 0x8b27f000-0x8d27efff]
may 07 23:19:07 hackstation kernel: PM: hibernation: Registered nosave memory: [mem 0x8d27f000-0x8f27efff]
may 07 23:19:07 hackstation kernel: PM: hibernation: Registered nosave memory: [mem 0x8f27f000-0x973fefff]
may 07 23:19:07 hackstation kernel: PM: hibernation: Registered nosave memory: [mem 0x99ffa000-0x99ffcfff]
may 07 23:19:07 hackstation kernel: PM: hibernation: Registered nosave memory: [mem 0x9a000000-0x9bffffff]
may 07 23:19:07 hackstation kernel: PM: hibernation: Registered nosave memory: [mem 0x9c000000-0x9d7f2fff]
may 07 23:19:07 hackstation kernel: PM: hibernation: Registered nosave memory: [mem 0x9d7f3000-0x9fffffff]
may 07 23:19:07 hackstation kernel: PM: hibernation: Registered nosave memory: [mem 0xa0000000-0xfedfffff]
may 07 23:19:07 hackstation kernel: PM: hibernation: Registered nosave memory: [mem 0xfee00000-0xfee00fff]
may 07 23:19:07 hackstation kernel: PM: hibernation: Registered nosave memory: [mem 0xfee01000-0xffffffff]
may 07 23:19:07 hackstation kernel: [mem 0xa0000000-0xfedfffff] available for PCI devices
may 07 23:19:07 hackstation kernel: Booting paravirtualized kernel on bare hardware
may 07 23:19:07 hackstation kernel: clocksource: refined-jiffies: mask: 0xffffffff max_cycles: 0xffffffff, max_idle_ns: 1910969940391419 ns
may 07 23:19:07 hackstation kernel: setup_percpu: NR_CPUS:384 nr_cpumask_bits:16 nr_cpu_ids:16 nr_node_ids:1
may 07 23:19:07 hackstation kernel: percpu: Embedded 87 pages/cpu s233472 r8192 d114688 u524288
may 07 23:19:07 hackstation kernel: pcpu-alloc: s233472 r8192 d114688 u524288 alloc=1*2097152
may 07 23:19:07 hackstation kernel: pcpu-alloc: [0] 00 01 02 03 [0] 04 05 06 07 
may 07 23:19:07 hackstation kernel: pcpu-alloc: [0] 08 09 10 11 [0] 12 13 14 15 
may 07 23:19:07 hackstation kernel: Kernel command line: initrd=\EFI\nixos\zihpjsh1vvli14sr87cxvpn27ys34n7k-initrd-linux-6.13.7-initrd.efi init=/nix/store/2if5q0gfz65zaj617f7smi4vidh069s8-nixos-system-hackstation-25.05.20250319.a84ebe2/init module.sig_enforce=1 lockdown=confidentiality efi=disable_early_pci_dma iommu.passthrough=0 mitigations=auto,nosmt pti=on extra_latent_entropy ia32_emulation=0 slab_nomerge init_on_alloc=1 init_on_free=1 page_alloc.shuffle=1 randomize_kstack_offset=on vsyscall=none debugfs=off oops=panic quiet loglevel=0 random.trust_cpu=off random.trust_bootloader=off intel_iommu=on iommu=force iommu.strict=1 amd_iommu=force_isolation ia32_emulation=1 mitigations=auto amd_pstate=active processor.max_cstate=5 resume_offset=533760 loglevel=4 nohibernate apparmor=1 security=apparmor nvidia-drm.modeset=1 nvidia-drm.fbdev=1 nvidia.NVreg_PreserveVideoMemoryAllocations=1 nvidia.NVreg_OpenRmEnableUnsupportedGpus=1
may 07 23:19:07 hackstation kernel: DMAR: IOMMU enabled
may 07 23:19:07 hackstation kernel: Unknown kernel command line parameters "extra_latent_entropy lockdown=confidentiality", will be passed to user space.
may 07 23:19:07 hackstation kernel: printk: log buffer data + meta data: 262144 + 917504 = 1179648 bytes
may 07 23:19:07 hackstation kernel: Dentry cache hash table entries: 8388608 (order: 14, 67108864 bytes, linear)
may 07 23:19:07 hackstation kernel: Inode-cache hash table entries: 4194304 (order: 13, 33554432 bytes, linear)
may 07 23:19:07 hackstation kernel: Fallback order for Node 0: 0 
may 07 23:19:07 hackstation kernel: Built 1 zonelists, mobility grouping on.  Total pages: 16537578
may 07 23:19:07 hackstation kernel: Policy zone: Normal
may 07 23:19:07 hackstation kernel: mem auto-init: stack:all(zero), heap alloc:on, heap free:on
may 07 23:19:07 hackstation kernel: mem auto-init: clearing system memory may take some time...
may 07 23:19:07 hackstation kernel: software IO TLB: area num 16.
may 07 23:19:07 hackstation kernel: SLUB: HWalign=64, Order=0-3, MinObjects=0, CPUs=16, Nodes=1
may 07 23:19:07 hackstation kernel: Kernel/User page tables isolation: enabled
may 07 23:19:07 hackstation kernel: ftrace: allocating 46359 entries in 182 pages
may 07 23:19:07 hackstation kernel: ftrace: allocated 182 pages with 5 groups
may 07 23:19:07 hackstation kernel: Dynamic Preempt: voluntary
may 07 23:19:07 hackstation kernel: rcu: Preemptible hierarchical RCU implementation.
may 07 23:19:07 hackstation kernel: rcu:         RCU event tracing is enabled.
may 07 23:19:07 hackstation kernel: rcu:         RCU restricting CPUs from NR_CPUS=384 to nr_cpu_ids=16.
may 07 23:19:07 hackstation kernel:         Trampoline variant of Tasks RCU enabled.
may 07 23:19:07 hackstation kernel:         Rude variant of Tasks RCU enabled.
may 07 23:19:07 hackstation kernel:         Tracing variant of Tasks RCU enabled.
may 07 23:19:07 hackstation kernel: rcu: RCU calculated value of scheduler-enlistment delay is 100 jiffies.
may 07 23:19:07 hackstation kernel: rcu: Adjusting geometry for rcu_fanout_leaf=16, nr_cpu_ids=16
may 07 23:19:07 hackstation kernel: RCU Tasks: Setting shift to 4 and lim to 1 rcu_task_cb_adjust=1 rcu_task_cpu_ids=16.
may 07 23:19:07 hackstation kernel: RCU Tasks Rude: Setting shift to 4 and lim to 1 rcu_task_cb_adjust=1 rcu_task_cpu_ids=16.
may 07 23:19:07 hackstation kernel: RCU Tasks Trace: Setting shift to 4 and lim to 1 rcu_task_cb_adjust=1 rcu_task_cpu_ids=16.
may 07 23:19:07 hackstation kernel: NR_IRQS: 24832, nr_irqs: 1096, preallocated irqs: 16
may 07 23:19:07 hackstation kernel: rcu: srcu_init: Setting srcu_struct sizes based on contention.
may 07 23:19:07 hackstation kernel: kfence: initialized - using 2097152 bytes for 255 objects at 0x(____ptrval____)-0x(____ptrval____)
may 07 23:19:07 hackstation kernel: Console: colour dummy device 80x25
may 07 23:19:07 hackstation kernel: printk: legacy console [tty0] enabled
may 07 23:19:07 hackstation kernel: ACPI: Core revision 20240827
may 07 23:19:07 hackstation kernel: clocksource: hpet: mask: 0xffffffff max_cycles: 0xffffffff, max_idle_ns: 133484873504 ns
may 07 23:19:07 hackstation kernel: APIC: Switch to symmetric I/O mode setup
may 07 23:19:07 hackstation kernel: AMD-Vi: Using global IVHD EFR:0x246577efa2254afa, EFR2:0x0
may 07 23:19:07 hackstation kernel: ..TIMER: vector=0x30 apic1=0 pin1=2 apic2=-1 pin2=-1
may 07 23:19:07 hackstation kernel: clocksource: tsc-early: mask: 0xffffffffffffffff max_cycles: 0x3c6c72a62f7, max_idle_ns: 440795324759 ns
may 07 23:19:07 hackstation kernel: Calibrating delay loop (skipped), value calculated using timer frequency.. 8383.77 BogoMIPS (lpj=4191888)
may 07 23:19:07 hackstation kernel: x86/cpu: User Mode Instruction Prevention (UMIP) activated
may 07 23:19:07 hackstation kernel: LVT offset 1 assigned for vector 0xf9
may 07 23:19:07 hackstation kernel: LVT offset 2 assigned for vector 0xf4
may 07 23:19:07 hackstation kernel: Last level iTLB entries: 4KB 512, 2MB 512, 4MB 256
may 07 23:19:07 hackstation kernel: Last level dTLB entries: 4KB 3072, 2MB 3072, 4MB 1536, 1GB 0
may 07 23:19:07 hackstation kernel: process: using mwait in idle threads
may 07 23:19:07 hackstation kernel: Spectre V1 : Mitigation: usercopy/swapgs barriers and __user pointer sanitization
may 07 23:19:07 hackstation kernel: Spectre V2 : Mitigation: Enhanced / Automatic IBRS
may 07 23:19:07 hackstation kernel: Spectre V2 : Spectre v2 / SpectreRSB mitigation: Filling RSB on context switch
may 07 23:19:07 hackstation kernel: Spectre V2 : mitigation: Enabling conditional Indirect Branch Prediction Barrier
may 07 23:19:07 hackstation kernel: Spectre V2 : User space: Mitigation: STIBP always-on protection
may 07 23:19:07 hackstation kernel: Speculative Store Bypass: Mitigation: Speculative Store Bypass disabled via prctl
may 07 23:19:07 hackstation kernel: Speculative Return Stack Overflow: Mitigation: Safe RET
may 07 23:19:07 hackstation kernel: x86/fpu: Supporting XSAVE feature 0x001: 'x87 floating point registers'
may 07 23:19:07 hackstation kernel: x86/fpu: Supporting XSAVE feature 0x002: 'SSE registers'
may 07 23:19:07 hackstation kernel: x86/fpu: Supporting XSAVE feature 0x004: 'AVX registers'
may 07 23:19:07 hackstation kernel: x86/fpu: Supporting XSAVE feature 0x020: 'AVX-512 opmask'
may 07 23:19:07 hackstation kernel: x86/fpu: Supporting XSAVE feature 0x040: 'AVX-512 Hi256'
may 07 23:19:07 hackstation kernel: x86/fpu: Supporting XSAVE feature 0x080: 'AVX-512 ZMM_Hi256'
may 07 23:19:07 hackstation kernel: x86/fpu: Supporting XSAVE feature 0x200: 'Protection Keys User registers'
may 07 23:19:07 hackstation kernel: x86/fpu: Supporting XSAVE feature 0x800: 'Control-flow User registers'
may 07 23:19:07 hackstation kernel: x86/fpu: xstate_offset[2]:  576, xstate_sizes[2]:  256
may 07 23:19:07 hackstation kernel: x86/fpu: xstate_offset[5]:  832, xstate_sizes[5]:   64
may 07 23:19:07 hackstation kernel: x86/fpu: xstate_offset[6]:  896, xstate_sizes[6]:  512
may 07 23:19:07 hackstation kernel: x86/fpu: xstate_offset[7]: 1408, xstate_sizes[7]: 1024
may 07 23:19:07 hackstation kernel: x86/fpu: xstate_offset[9]: 2432, xstate_sizes[9]:    8
may 07 23:19:07 hackstation kernel: x86/fpu: xstate_offset[11]: 2440, xstate_sizes[11]:   16
may 07 23:19:07 hackstation kernel: x86/fpu: Enabled xstate features 0xae7, context size is 2456 bytes, using 'compacted' format.
may 07 23:19:07 hackstation kernel: Freeing SMP alternatives memory: 40K
may 07 23:19:07 hackstation kernel: pid_max: default: 32768 minimum: 301
may 07 23:19:07 hackstation kernel: LSM: initializing lsm=capability,landlock,yama,apparmor,bpf
may 07 23:19:07 hackstation kernel: landlock: Up and running.
may 07 23:19:07 hackstation kernel: Yama: becoming mindful.
may 07 23:19:07 hackstation kernel: AppArmor: AppArmor initialized
may 07 23:19:07 hackstation kernel: LSM support for eBPF active
may 07 23:19:07 hackstation kernel: Mount-cache hash table entries: 131072 (order: 8, 1048576 bytes, linear)
may 07 23:19:07 hackstation kernel: Mountpoint-cache hash table entries: 131072 (order: 8, 1048576 bytes, linear)
may 07 23:19:07 hackstation kernel: smpboot: CPU0: AMD Ryzen 7 7800X3D 8-Core Processor (family: 0x19, model: 0x61, stepping: 0x2)
may 07 23:19:07 hackstation kernel: Performance Events: Fam17h+ 16-deep LBR, core perfctr, AMD PMU driver.
may 07 23:19:07 hackstation kernel: ... version:                2
may 07 23:19:07 hackstation kernel: ... bit width:              48
may 07 23:19:07 hackstation kernel: ... generic registers:      6
may 07 23:19:07 hackstation kernel: ... value mask:             0000ffffffffffff
may 07 23:19:07 hackstation kernel: ... max period:             00007fffffffffff
may 07 23:19:07 hackstation kernel: ... fixed-purpose events:   0
may 07 23:19:07 hackstation kernel: ... event mask:             000000000000003f
may 07 23:19:07 hackstation kernel: signal: max sigframe size: 3376
may 07 23:19:07 hackstation kernel: rcu: Hierarchical SRCU implementation.
may 07 23:19:07 hackstation kernel: rcu:         Max phase no-delay instances is 400.
may 07 23:19:07 hackstation kernel: Timer migration: 2 hierarchy levels; 8 children per group; 2 crossnode level
may 07 23:19:07 hackstation kernel: NMI watchdog: Enabled. Permanently consumes one hw-PMU counter.
may 07 23:19:07 hackstation kernel: smp: Bringing up secondary CPUs ...
may 07 23:19:07 hackstation kernel: smpboot: x86: Booting SMP configuration:
may 07 23:19:07 hackstation kernel: .... node  #0, CPUs:        #1  #2  #3  #4  #5  #6  #7  #8  #9 #10 #11 #12 #13 #14 #15
may 07 23:19:07 hackstation kernel: Spectre V2 : Update user space SMT mitigation: STIBP always-on
may 07 23:19:07 hackstation kernel: smp: Brought up 1 node, 16 CPUs
may 07 23:19:07 hackstation kernel: smpboot: Total of 16 processors activated (134140.41 BogoMIPS)
may 07 23:19:07 hackstation kernel: Memory: 64858448K/66150312K available (16384K kernel code, 2510K rwdata, 12868K rodata, 3372K init, 3576K bss, 1270900K reserved, 0K cma-reserved)
may 07 23:19:07 hackstation kernel: devtmpfs: initialized
may 07 23:19:07 hackstation kernel: x86/mm: Memory block size: 2048MB
may 07 23:19:07 hackstation kernel: ACPI: PM: Registering ACPI NVS region [mem 0x0a200000-0x0a20ffff] (65536 bytes)
may 07 23:19:07 hackstation kernel: ACPI: PM: Registering ACPI NVS region [mem 0x8d27f000-0x8f27efff] (33554432 bytes)
may 07 23:19:07 hackstation kernel: clocksource: jiffies: mask: 0xffffffff max_cycles: 0xffffffff, max_idle_ns: 1911260446275000 ns
may 07 23:19:07 hackstation kernel: futex hash table entries: 4096 (order: 6, 262144 bytes, linear)
may 07 23:19:07 hackstation kernel: pinctrl core: initialized pinctrl subsystem
may 07 23:19:07 hackstation kernel: pinctrl core: failed to create debugfs directory
may 07 23:19:07 hackstation kernel: PM: RTC time: 03:18:39, date: 2025-05-08
may 07 23:19:07 hackstation kernel: NET: Registered PF_NETLINK/PF_ROUTE protocol family
may 07 23:19:07 hackstation kernel: DMA: preallocated 4096 KiB GFP_KERNEL pool for atomic allocations
may 07 23:19:07 hackstation kernel: DMA: preallocated 4096 KiB GFP_KERNEL|GFP_DMA pool for atomic allocations
may 07 23:19:07 hackstation kernel: DMA: preallocated 4096 KiB GFP_KERNEL|GFP_DMA32 pool for atomic allocations
may 07 23:19:07 hackstation kernel: audit: initializing netlink subsys (disabled)
may 07 23:19:07 hackstation kernel: audit: type=2000 audit(1746674319.383:1): state=initialized audit_enabled=0 res=1
may 07 23:19:07 hackstation kernel: thermal_sys: Registered thermal governor 'bang_bang'
may 07 23:19:07 hackstation kernel: thermal_sys: Registered thermal governor 'step_wise'
may 07 23:19:07 hackstation kernel: thermal_sys: Registered thermal governor 'user_space'
may 07 23:19:07 hackstation kernel: cpuidle: using governor menu
may 07 23:19:07 hackstation kernel: acpiphp: ACPI Hot Plug PCI Controller Driver version: 0.5
may 07 23:19:07 hackstation kernel: PCI: ECAM [mem 0xe0000000-0xefffffff] (base 0xe0000000) for domain 0000 [bus 00-ff]
may 07 23:19:07 hackstation kernel: PCI: Using configuration type 1 for base access
may 07 23:19:07 hackstation kernel: kprobes: kprobe jump-optimization is enabled. All kprobes are optimized if possible.
may 07 23:19:07 hackstation kernel: HugeTLB: registered 1.00 GiB page size, pre-allocated 0 pages
may 07 23:19:07 hackstation kernel: HugeTLB: 16380 KiB vmemmap can be freed for a 1.00 GiB page
may 07 23:19:07 hackstation kernel: HugeTLB: registered 2.00 MiB page size, pre-allocated 0 pages
may 07 23:19:07 hackstation kernel: HugeTLB: 28 KiB vmemmap can be freed for a 2.00 MiB page
may 07 23:19:07 hackstation kernel: ACPI: Added _OSI(Module Device)
may 07 23:19:07 hackstation kernel: ACPI: Added _OSI(Processor Device)
may 07 23:19:07 hackstation kernel: ACPI: Added _OSI(3.0 _SCP Extensions)
may 07 23:19:07 hackstation kernel: ACPI: Added _OSI(Processor Aggregator Device)
may 07 23:19:07 hackstation kernel: ACPI: 15 ACPI AML tables successfully acquired and loaded
may 07 23:19:07 hackstation kernel: ACPI: Interpreter enabled
may 07 23:19:07 hackstation kernel: ACPI: PM: (supports S0 S3 S4 S5)
may 07 23:19:07 hackstation kernel: ACPI: Using IOAPIC for interrupt routing
may 07 23:19:07 hackstation kernel: PCI: Using host bridge windows from ACPI; if necessary, use "pci=nocrs" and report a bug
may 07 23:19:07 hackstation kernel: PCI: Ignoring E820 reservations for host bridge windows
may 07 23:19:07 hackstation kernel: ACPI: Enabled 7 GPEs in block 00 to 1F
may 07 23:19:07 hackstation kernel: ACPI: \_SB_.PCI0.GP17.XHC0.P0U0: New power resource
may 07 23:19:07 hackstation kernel: ACPI: \_SB_.PCI0.GP17.XHC1.P0U1: New power resource
may 07 23:19:07 hackstation kernel: ACPI: \_SB_.PCI0.GP19.XHC2.P0U2: New power resource
may 07 23:19:07 hackstation kernel: ACPI: \_SB_.PCI0.GPP0.M237: New power resource
may 07 23:19:07 hackstation kernel: ACPI: \_SB_.PCI0.GPP1.P0NV: New power resource
may 07 23:19:07 hackstation kernel: ACPI: \_SB_.PCI0.GPP7.PWRS: New power resource
may 07 23:19:07 hackstation kernel: ACPI: \_SB_.PCI0.GPP7.UP00.PWRS: New power resource
may 07 23:19:07 hackstation kernel: ACPI: \_SB_.PCI0.GPP7.UP00.DP00.PWRS: New power resource
may 07 23:19:07 hackstation kernel: ACPI: \_SB_.PCI0.GPP7.UP00.DP00.NV00.PWRS: New power resource
may 07 23:19:07 hackstation kernel: ACPI: \_SB_.PCI0.GPP7.UP00.DP08.PWRS: New power resource
may 07 23:19:07 hackstation kernel: ACPI: \_SB_.PCI0.GPP7.UP00.DP08.EP00.PWRS: New power resource
may 07 23:19:07 hackstation kernel: ACPI: \_SB_.PCI0.GPP7.UP00.DP10.PWRS: New power resource
may 07 23:19:07 hackstation kernel: ACPI: \_SB_.PCI0.GPP7.UP00.DP10.WN00.PWRS: New power resource
may 07 23:19:07 hackstation kernel: ACPI: \_SB_.PCI0.GPP7.UP00.DP18.PWRS: New power resource
may 07 23:19:07 hackstation kernel: ACPI: \_SB_.PCI0.GPP7.UP00.DP18.LN00.PWRS: New power resource
may 07 23:19:07 hackstation kernel: ACPI: \_SB_.PCI0.GPP7.UP00.DP20.PWRS: New power resource
may 07 23:19:07 hackstation kernel: ACPI: \_SB_.PCI0.GPP7.UP00.DP20.NV00.PWRS: New power resource
may 07 23:19:07 hackstation kernel: ACPI: \_SB_.PCI0.GPP7.UP00.DP28.PWRS: New power resource
may 07 23:19:07 hackstation kernel: ACPI: \_SB_.PCI0.GPP7.UP00.DP28.EP00.PWRS: New power resource
may 07 23:19:07 hackstation kernel: ACPI: \_SB_.PCI0.GPP7.UP00.DP30.PWRS: New power resource
may 07 23:19:07 hackstation kernel: ACPI: \_SB_.PCI0.GPP7.UP00.DP30.EP00.PWRS: New power resource
may 07 23:19:07 hackstation kernel: ACPI: \_SB_.PCI0.GPP7.UP00.DP38.PWRS: New power resource
may 07 23:19:07 hackstation kernel: ACPI: \_SB_.PCI0.GPP7.UP00.DP38.EP00.PWRS: New power resource
may 07 23:19:07 hackstation kernel: ACPI: \_SB_.PCI0.GPP7.UP00.DP40.PWRS: New power resource
may 07 23:19:07 hackstation kernel: ACPI: \_SB_.PCI0.GPP7.UP00.DP40.UP00.PWRS: New power resource
may 07 23:19:07 hackstation kernel: ACPI: \_SB_.PCI0.GPP7.UP00.DP40.UP00.DP00.PWRS: New power resource
may 07 23:19:07 hackstation kernel: ACPI: \_SB_.PCI0.GPP7.UP00.DP40.UP00.DP00.NV00.PWRS: New power resource
may 07 23:19:07 hackstation kernel: ACPI: \_SB_.PCI0.GPP7.UP00.DP40.UP00.DP08.PWRS: New power resource
may 07 23:19:07 hackstation kernel: ACPI: \_SB_.PCI0.GPP7.UP00.DP40.UP00.DP08.EP00.PWRS: New power resource
may 07 23:19:07 hackstation kernel: ACPI: \_SB_.PCI0.GPP7.UP00.DP40.UP00.DP10.PWRS: New power resource
may 07 23:19:07 hackstation kernel: ACPI: \_SB_.PCI0.GPP7.UP00.DP40.UP00.DP10.WN00.PWRS: New power resource
may 07 23:19:07 hackstation kernel: ACPI: \_SB_.PCI0.GPP7.UP00.DP40.UP00.DP18.PWRS: New power resource
may 07 23:19:07 hackstation kernel: ACPI: \_SB_.PCI0.GPP7.UP00.DP40.UP00.DP18.LN00.PWRS: New power resource
may 07 23:19:07 hackstation kernel: ACPI: \_SB_.PCI0.GPP7.UP00.DP40.UP00.DP20.PWRS: New power resource
may 07 23:19:07 hackstation kernel: ACPI: \_SB_.PCI0.GPP7.UP00.DP40.UP00.DP20.NV00.PWRS: New power resource
may 07 23:19:07 hackstation kernel: ACPI: \_SB_.PCI0.GPP7.UP00.DP40.UP00.DP28.PWRS: New power resource
may 07 23:19:07 hackstation kernel: ACPI: \_SB_.PCI0.GPP7.UP00.DP40.UP00.DP28.EP00.PWRS: New power resource
may 07 23:19:07 hackstation kernel: ACPI: \_SB_.PCI0.GPP7.UP00.DP40.UP00.DP30.PWRS: New power resource
may 07 23:19:07 hackstation kernel: ACPI: \_SB_.PCI0.GPP7.UP00.DP40.UP00.DP30.EP00.PWRS: New power resource
may 07 23:19:07 hackstation kernel: ACPI: \_SB_.PCI0.GPP7.UP00.DP40.UP00.DP38.PWRS: New power resource
may 07 23:19:07 hackstation kernel: ACPI: \_SB_.PCI0.GPP7.UP00.DP40.UP00.DP38.EP00.PWRS: New power resource
may 07 23:19:07 hackstation kernel: ACPI: \_SB_.PCI0.GPP7.UP00.DP40.UP00.DP40.PWRS: New power resource
may 07 23:19:07 hackstation kernel: ACPI: \_SB_.PCI0.GPP7.UP00.DP40.UP00.DP40.EP00.PWRS: New power resource
may 07 23:19:07 hackstation kernel: ACPI: \_SB_.PCI0.GPP7.UP00.DP40.UP00.DP48.PWRS: New power resource
may 07 23:19:07 hackstation kernel: ACPI: \_SB_.PCI0.GPP7.UP00.DP40.UP00.DP48.EP00.PWRS: New power resource
may 07 23:19:07 hackstation kernel: ACPI: \_SB_.PCI0.GPP7.UP00.DP40.UP00.DP50.PWRS: New power resource
may 07 23:19:07 hackstation kernel: ACPI: \_SB_.PCI0.GPP7.UP00.DP40.UP00.DP50.EP00.PWRS: New power resource
may 07 23:19:07 hackstation kernel: ACPI: \_SB_.PCI0.GPP7.UP00.DP40.UP00.DP58.PWRS: New power resource
may 07 23:19:07 hackstation kernel: ACPI: \_SB_.PCI0.GPP7.UP00.DP40.UP00.DP58.EP00.PWRS: New power resource
may 07 23:19:07 hackstation kernel: ACPI: \_SB_.PCI0.GPP7.UP00.DP40.UP00.DP60.PWRS: New power resource
may 07 23:19:07 hackstation kernel: ACPI: \_SB_.PCI0.GPP7.UP00.DP40.UP00.DP60.XH00.PWRS: New power resource
may 07 23:19:07 hackstation kernel: ACPI: \_SB_.PCI0.GPP7.UP00.DP40.UP00.DP68.PWRS: New power resource
may 07 23:19:07 hackstation kernel: ACPI: \_SB_.PCI0.GPP7.UP00.DP40.UP00.DP68.SA00.PWRS: New power resource
may 07 23:19:07 hackstation kernel: ACPI: \_SB_.PCI0.GPP7.UP00.DP48.PWRS: New power resource
may 07 23:19:07 hackstation kernel: ACPI: \_SB_.PCI0.GPP7.UP00.DP48.EP00.PWRS: New power resource
may 07 23:19:07 hackstation kernel: ACPI: \_SB_.PCI0.GPP7.UP00.DP50.PWRS: New power resource
may 07 23:19:07 hackstation kernel: ACPI: \_SB_.PCI0.GPP7.UP00.DP50.EP00.PWRS: New power resource
may 07 23:19:07 hackstation kernel: ACPI: \_SB_.PCI0.GPP7.UP00.DP58.PWRS: New power resource
may 07 23:19:07 hackstation kernel: ACPI: \_SB_.PCI0.GPP7.UP00.DP58.EP00.PWRS: New power resource
may 07 23:19:07 hackstation kernel: ACPI: \_SB_.PCI0.GPP7.UP00.DP60.PWRS: New power resource
may 07 23:19:07 hackstation kernel: ACPI: \_SB_.PCI0.GPP7.UP00.DP60.XH00.PWRS: New power resource
may 07 23:19:07 hackstation kernel: ACPI: \_SB_.PCI0.GPP7.UP00.DP68.PWRS: New power resource
may 07 23:19:07 hackstation kernel: ACPI: \_SB_.PCI0.GPP7.UP00.DP68.SA00.PWRS: New power resource
may 07 23:19:07 hackstation kernel: ACPI: \_SB_.PRWL: New power resource
may 07 23:19:07 hackstation kernel: ACPI: \_SB_.PRWB: New power resource
may 07 23:19:07 hackstation kernel: ACPI: PCI Root Bridge [PCI0] (domain 0000 [bus 00-ff])
may 07 23:19:07 hackstation kernel: acpi PNP0A08:00: _OSC: OS supports [ExtendedConfig ASPM ClockPM Segments MSI HPX-Type3]
may 07 23:19:07 hackstation kernel: acpi PNP0A08:00: _OSC: OS now controls [PCIeHotplug PME PCIeCapability LTR]
may 07 23:19:07 hackstation kernel: PCI host bridge to bus 0000:00
may 07 23:19:07 hackstation kernel: pci_bus 0000:00: root bus resource [io  0x0000-0x03af window]
may 07 23:19:07 hackstation kernel: pci_bus 0000:00: root bus resource [io  0x03e0-0x0cf7 window]
may 07 23:19:07 hackstation kernel: pci_bus 0000:00: root bus resource [io  0x03b0-0x03df window]
may 07 23:19:07 hackstation kernel: pci_bus 0000:00: root bus resource [io  0x0d00-0xffff window]
may 07 23:19:07 hackstation kernel: pci_bus 0000:00: root bus resource [mem 0x000a0000-0x000dffff window]
may 07 23:19:07 hackstation kernel: pci_bus 0000:00: root bus resource [mem 0xa0000000-0xf6ffffff window]
may 07 23:19:07 hackstation kernel: pci_bus 0000:00: root bus resource [mem 0x1060000000-0xffffffffff window]
may 07 23:19:07 hackstation kernel: pci_bus 0000:00: root bus resource [bus 00-ff]
may 07 23:19:07 hackstation kernel: pci 0000:00:00.0: [1022:14d8] type 00 class 0x060000 conventional PCI endpoint
may 07 23:19:07 hackstation kernel: pci 0000:00:00.2: [1022:14d9] type 00 class 0x080600 conventional PCI endpoint
may 07 23:19:07 hackstation kernel: pci 0000:00:01.0: [1022:14da] type 00 class 0x060000 conventional PCI endpoint
may 07 23:19:07 hackstation kernel: pci 0000:00:01.1: [1022:14db] type 01 class 0x060400 PCIe Root Port
may 07 23:19:07 hackstation kernel: pci 0000:00:01.1: PCI bridge to [bus 01]
may 07 23:19:07 hackstation kernel: pci 0000:00:01.1:   bridge window [io  0xf000-0xffff]
may 07 23:19:07 hackstation kernel: pci 0000:00:01.1:   bridge window [mem 0xf4000000-0xf50fffff]
may 07 23:19:07 hackstation kernel: pci 0000:00:01.1:   bridge window [mem 0xf000000000-0xf801ffffff 64bit pref]
may 07 23:19:07 hackstation kernel: pci 0000:00:01.1: PME# supported from D0 D3hot D3cold
may 07 23:19:07 hackstation kernel: pci 0000:00:02.0: [1022:14da] type 00 class 0x060000 conventional PCI endpoint
may 07 23:19:07 hackstation kernel: pci 0000:00:02.1: [1022:14db] type 01 class 0x060400 PCIe Root Port
may 07 23:19:07 hackstation kernel: pci 0000:00:02.1: PCI bridge to [bus 02-14]
may 07 23:19:07 hackstation kernel: pci 0000:00:02.1:   bridge window [io  0xc000-0xdfff]
may 07 23:19:07 hackstation kernel: pci 0000:00:02.1:   bridge window [mem 0xf5200000-0xf5cfffff]
may 07 23:19:07 hackstation kernel: pci 0000:00:02.1: enabling Extended Tags
may 07 23:19:07 hackstation kernel: pci 0000:00:02.1: PME# supported from D0 D3hot D3cold
may 07 23:19:07 hackstation kernel: pci 0000:00:03.0: [1022:14da] type 00 class 0x060000 conventional PCI endpoint
may 07 23:19:07 hackstation kernel: pci 0000:00:04.0: [1022:14da] type 00 class 0x060000 conventional PCI endpoint
may 07 23:19:07 hackstation kernel: pci 0000:00:08.0: [1022:14da] type 00 class 0x060000 conventional PCI endpoint
may 07 23:19:07 hackstation kernel: pci 0000:00:08.1: [1022:14dd] type 01 class 0x060400 PCIe Root Port
may 07 23:19:07 hackstation kernel: pci 0000:00:08.1: PCI bridge to [bus 15]
may 07 23:19:07 hackstation kernel: pci 0000:00:08.1:   bridge window [io  0xe000-0xefff]
may 07 23:19:07 hackstation kernel: pci 0000:00:08.1:   bridge window [mem 0xf5d00000-0xf60fffff]
may 07 23:19:07 hackstation kernel: pci 0000:00:08.1:   bridge window [mem 0xf810000000-0xf8201fffff 64bit pref]
may 07 23:19:07 hackstation kernel: pci 0000:00:08.1: enabling Extended Tags
may 07 23:19:07 hackstation kernel: pci 0000:00:08.1: PME# supported from D0 D3hot D3cold
may 07 23:19:07 hackstation kernel: pci 0000:00:08.3: [1022:14dd] type 01 class 0x060400 PCIe Root Port
may 07 23:19:07 hackstation kernel: pci 0000:00:08.3: PCI bridge to [bus 16]
may 07 23:19:07 hackstation kernel: pci 0000:00:08.3:   bridge window [mem 0xf6100000-0xf61fffff]
may 07 23:19:07 hackstation kernel: pci 0000:00:08.3: enabling Extended Tags
may 07 23:19:07 hackstation kernel: pci 0000:00:08.3: PME# supported from D0 D3hot D3cold
may 07 23:19:07 hackstation kernel: pci 0000:00:14.0: [1022:790b] type 00 class 0x0c0500 conventional PCI endpoint
may 07 23:19:07 hackstation kernel: pci 0000:00:14.3: [1022:790e] type 00 class 0x060100 conventional PCI endpoint
may 07 23:19:07 hackstation kernel: pci 0000:00:18.0: [1022:14e0] type 00 class 0x060000 conventional PCI endpoint
may 07 23:19:07 hackstation kernel: pci 0000:00:18.1: [1022:14e1] type 00 class 0x060000 conventional PCI endpoint
may 07 23:19:07 hackstation kernel: pci 0000:00:18.2: [1022:14e2] type 00 class 0x060000 conventional PCI endpoint
may 07 23:19:07 hackstation kernel: pci 0000:00:18.3: [1022:14e3] type 00 class 0x060000 conventional PCI endpoint
may 07 23:19:07 hackstation kernel: pci 0000:00:18.4: [1022:14e4] type 00 class 0x060000 conventional PCI endpoint
may 07 23:19:07 hackstation kernel: pci 0000:00:18.5: [1022:14e5] type 00 class 0x060000 conventional PCI endpoint
may 07 23:19:07 hackstation kernel: pci 0000:00:18.6: [1022:14e6] type 00 class 0x060000 conventional PCI endpoint
may 07 23:19:07 hackstation kernel: pci 0000:00:18.7: [1022:14e7] type 00 class 0x060000 conventional PCI endpoint
may 07 23:19:07 hackstation kernel: pci 0000:01:00.0: [10de:2684] type 00 class 0x030000 PCIe Legacy Endpoint
may 07 23:19:07 hackstation kernel: pci 0000:01:00.0: BAR 0 [mem 0xf4000000-0xf4ffffff]
may 07 23:19:07 hackstation kernel: pci 0000:01:00.0: BAR 1 [mem 0xf000000000-0xf7ffffffff 64bit pref]
may 07 23:19:07 hackstation kernel: pci 0000:01:00.0: BAR 3 [mem 0xf800000000-0xf801ffffff 64bit pref]
may 07 23:19:07 hackstation kernel: pci 0000:01:00.0: BAR 5 [io  0xf000-0xf07f]
may 07 23:19:07 hackstation kernel: pci 0000:01:00.0: ROM [mem 0xf5000000-0xf507ffff pref]
may 07 23:19:07 hackstation kernel: pci 0000:01:00.0: PME# supported from D0 D3hot
may 07 23:19:07 hackstation kernel: pci 0000:01:00.1: [10de:22ba] type 00 class 0x040300 PCIe Endpoint
may 07 23:19:07 hackstation kernel: pci 0000:01:00.1: BAR 0 [mem 0xf5080000-0xf5083fff]
may 07 23:19:07 hackstation kernel: pci 0000:00:01.1: PCI bridge to [bus 01]
may 07 23:19:07 hackstation kernel: pci 0000:02:00.0: [1022:43f4] type 01 class 0x060400 PCIe Switch Upstream Port
may 07 23:19:07 hackstation kernel: pci 0000:02:00.0: PCI bridge to [bus 03-14]
may 07 23:19:07 hackstation kernel: pci 0000:02:00.0:   bridge window [io  0xc000-0xdfff]
may 07 23:19:07 hackstation kernel: pci 0000:02:00.0:   bridge window [mem 0xf5200000-0xf5cfffff]
may 07 23:19:07 hackstation kernel: pci 0000:02:00.0: enabling Extended Tags
may 07 23:19:07 hackstation kernel: pci 0000:02:00.0: PME# supported from D0 D3hot D3cold
may 07 23:19:07 hackstation kernel: pci 0000:00:02.1: PCI bridge to [bus 02-14]
may 07 23:19:07 hackstation kernel: pci 0000:03:00.0: [1022:43f5] type 01 class 0x060400 PCIe Switch Downstream Port
may 07 23:19:07 hackstation kernel: pci 0000:03:00.0: PCI bridge to [bus 04]
may 07 23:19:07 hackstation kernel: pci 0000:03:00.0: enabling Extended Tags
may 07 23:19:07 hackstation kernel: pci 0000:03:00.0: PME# supported from D0 D3hot D3cold
may 07 23:19:07 hackstation kernel: pci 0000:03:04.0: [1022:43f5] type 01 class 0x060400 PCIe Switch Downstream Port
may 07 23:19:07 hackstation kernel: pci 0000:03:04.0: PCI bridge to [bus 05]
may 07 23:19:07 hackstation kernel: pci 0000:03:04.0:   bridge window [io  0xd000-0xdfff]
may 07 23:19:07 hackstation kernel: pci 0000:03:04.0:   bridge window [mem 0xf5c00000-0xf5cfffff]
may 07 23:19:07 hackstation kernel: pci 0000:03:04.0: enabling Extended Tags
may 07 23:19:07 hackstation kernel: pci 0000:03:04.0: PME# supported from D0 D3hot D3cold
may 07 23:19:07 hackstation kernel: pci 0000:03:05.0: [1022:43f5] type 01 class 0x060400 PCIe Switch Downstream Port
may 07 23:19:07 hackstation kernel: pci 0000:03:05.0: PCI bridge to [bus 06]
may 07 23:19:07 hackstation kernel: pci 0000:03:05.0: enabling Extended Tags
may 07 23:19:07 hackstation kernel: pci 0000:03:05.0: PME# supported from D0 D3hot D3cold
may 07 23:19:07 hackstation kernel: pci 0000:03:06.0: [1022:43f5] type 01 class 0x060400 PCIe Switch Downstream Port
may 07 23:19:07 hackstation kernel: pci 0000:03:06.0: PCI bridge to [bus 07]
may 07 23:19:07 hackstation kernel: pci 0000:03:06.0:   bridge window [mem 0xf5700000-0xf58fffff]
may 07 23:19:07 hackstation kernel: pci 0000:03:06.0: enabling Extended Tags
may 07 23:19:07 hackstation kernel: pci 0000:03:06.0: PME# supported from D0 D3hot D3cold
may 07 23:19:07 hackstation kernel: pci 0000:03:07.0: [1022:43f5] type 01 class 0x060400 PCIe Switch Downstream Port
may 07 23:19:07 hackstation kernel: pci 0000:03:07.0: PCI bridge to [bus 08]
may 07 23:19:07 hackstation kernel: pci 0000:03:07.0:   bridge window [io  0xc000-0xcfff]
may 07 23:19:07 hackstation kernel: pci 0000:03:07.0:   bridge window [mem 0xf5b00000-0xf5bfffff]
may 07 23:19:07 hackstation kernel: pci 0000:03:07.0: enabling Extended Tags
may 07 23:19:07 hackstation kernel: pci 0000:03:07.0: PME# supported from D0 D3hot D3cold
may 07 23:19:07 hackstation kernel: pci 0000:03:08.0: [1022:43f5] type 01 class 0x060400 PCIe Switch Downstream Port
may 07 23:19:07 hackstation kernel: pci 0000:03:08.0: PCI bridge to [bus 09-12]
may 07 23:19:07 hackstation kernel: pci 0000:03:08.0:   bridge window [mem 0xf5200000-0xf56fffff]
may 07 23:19:07 hackstation kernel: pci 0000:03:08.0: enabling Extended Tags
may 07 23:19:07 hackstation kernel: pci 0000:03:08.0: PME# supported from D0 D3hot D3cold
may 07 23:19:07 hackstation kernel: pci 0000:03:0c.0: [1022:43f5] type 01 class 0x060400 PCIe Switch Downstream Port
may 07 23:19:07 hackstation kernel: pci 0000:03:0c.0: PCI bridge to [bus 13]
may 07 23:19:07 hackstation kernel: pci 0000:03:0c.0:   bridge window [mem 0xf5a00000-0xf5afffff]
may 07 23:19:07 hackstation kernel: pci 0000:03:0c.0: enabling Extended Tags
may 07 23:19:07 hackstation kernel: pci 0000:03:0c.0: PME# supported from D0 D3hot D3cold
may 07 23:19:07 hackstation kernel: pci 0000:03:0d.0: [1022:43f5] type 01 class 0x060400 PCIe Switch Downstream Port
may 07 23:19:07 hackstation kernel: pci 0000:03:0d.0: PCI bridge to [bus 14]
may 07 23:19:07 hackstation kernel: pci 0000:03:0d.0:   bridge window [mem 0xf5900000-0xf59fffff]
may 07 23:19:07 hackstation kernel: pci 0000:03:0d.0: enabling Extended Tags
may 07 23:19:07 hackstation kernel: pci 0000:03:0d.0: PME# supported from D0 D3hot D3cold
may 07 23:19:07 hackstation kernel: pci 0000:02:00.0: PCI bridge to [bus 03-14]
may 07 23:19:07 hackstation kernel: pci 0000:03:00.0: PCI bridge to [bus 04]
may 07 23:19:07 hackstation kernel: pci 0000:05:00.0: [10ec:8168] type 00 class 0x020000 PCIe Endpoint
may 07 23:19:07 hackstation kernel: pci 0000:05:00.0: BAR 0 [io  0xd000-0xd0ff]
may 07 23:19:07 hackstation kernel: pci 0000:05:00.0: BAR 2 [mem 0xf5c04000-0xf5c04fff 64bit]
may 07 23:19:07 hackstation kernel: pci 0000:05:00.0: BAR 4 [mem 0xf5c00000-0xf5c03fff 64bit]
may 07 23:19:07 hackstation kernel: pci 0000:05:00.0: supports D1 D2
may 07 23:19:07 hackstation kernel: pci 0000:05:00.0: PME# supported from D0 D1 D2 D3hot D3cold
may 07 23:19:07 hackstation kernel: pci 0000:03:04.0: PCI bridge to [bus 05]
may 07 23:19:07 hackstation kernel: pci 0000:03:05.0: PCI bridge to [bus 06]
may 07 23:19:07 hackstation kernel: pci 0000:07:00.0: [14c3:0616] type 00 class 0x028000 PCIe Endpoint
may 07 23:19:07 hackstation kernel: pci 0000:07:00.0: BAR 0 [mem 0xf5700000-0xf57fffff 64bit pref]
may 07 23:19:07 hackstation kernel: pci 0000:07:00.0: BAR 2 [mem 0xf5800000-0xf5807fff 64bit]
may 07 23:19:07 hackstation kernel: pci 0000:07:00.0: enabling Extended Tags
may 07 23:19:07 hackstation kernel: pci 0000:07:00.0: PME# supported from D0 D3hot D3cold
may 07 23:19:07 hackstation kernel: pci 0000:03:06.0: PCI bridge to [bus 07]
may 07 23:19:07 hackstation kernel: pci 0000:08:00.0: [10ec:8125] type 00 class 0x020000 PCIe Endpoint
may 07 23:19:07 hackstation kernel: pci 0000:08:00.0: BAR 0 [io  0xc000-0xc0ff]
may 07 23:19:07 hackstation kernel: pci 0000:08:00.0: BAR 2 [mem 0xf5b00000-0xf5b0ffff 64bit]
may 07 23:19:07 hackstation kernel: pci 0000:08:00.0: BAR 4 [mem 0xf5b10000-0xf5b13fff 64bit]
may 07 23:19:07 hackstation kernel: pci 0000:08:00.0: supports D1 D2
may 07 23:19:07 hackstation kernel: pci 0000:08:00.0: PME# supported from D0 D1 D2 D3hot D3cold
may 07 23:19:07 hackstation kernel: pci 0000:03:07.0: PCI bridge to [bus 08]
may 07 23:19:07 hackstation kernel: pci 0000:09:00.0: [1022:43f4] type 01 class 0x060400 PCIe Switch Upstream Port
may 07 23:19:07 hackstation kernel: pci 0000:09:00.0: PCI bridge to [bus 0a-12]
may 07 23:19:07 hackstation kernel: pci 0000:09:00.0:   bridge window [mem 0xf5200000-0xf56fffff]
may 07 23:19:07 hackstation kernel: pci 0000:09:00.0: enabling Extended Tags
may 07 23:19:07 hackstation kernel: pci 0000:09:00.0: PME# supported from D0 D3hot D3cold
may 07 23:19:07 hackstation kernel: pci 0000:03:08.0: PCI bridge to [bus 09-12]
may 07 23:19:07 hackstation kernel: pci 0000:0a:00.0: [1022:43f5] type 01 class 0x060400 PCIe Switch Downstream Port
may 07 23:19:07 hackstation kernel: pci 0000:0a:00.0: PCI bridge to [bus 0b]
may 07 23:19:07 hackstation kernel: pci 0000:0a:00.0:   bridge window [mem 0xf5600000-0xf56fffff]
may 07 23:19:07 hackstation kernel: pci 0000:0a:00.0: enabling Extended Tags
may 07 23:19:07 hackstation kernel: pci 0000:0a:00.0: PME# supported from D0 D3hot D3cold
may 07 23:19:07 hackstation kernel: pci 0000:0a:04.0: [1022:43f5] type 01 class 0x060400 PCIe Switch Downstream Port
may 07 23:19:07 hackstation kernel: pci 0000:0a:04.0: PCI bridge to [bus 0c]
may 07 23:19:07 hackstation kernel: pci 0000:0a:04.0: enabling Extended Tags
may 07 23:19:07 hackstation kernel: pci 0000:0a:04.0: PME# supported from D0 D3hot D3cold
may 07 23:19:07 hackstation kernel: pci 0000:0a:05.0: [1022:43f5] type 01 class 0x060400 PCIe Switch Downstream Port
may 07 23:19:07 hackstation kernel: pci 0000:0a:05.0: PCI bridge to [bus 0d]
may 07 23:19:07 hackstation kernel: pci 0000:0a:05.0: enabling Extended Tags
may 07 23:19:07 hackstation kernel: pci 0000:0a:05.0: PME# supported from D0 D3hot D3cold
may 07 23:19:07 hackstation kernel: pci 0000:0a:06.0: [1022:43f5] type 01 class 0x060400 PCIe Switch Downstream Port
may 07 23:19:07 hackstation kernel: pci 0000:0a:06.0: PCI bridge to [bus 0e]
may 07 23:19:07 hackstation kernel: pci 0000:0a:06.0: enabling Extended Tags
may 07 23:19:07 hackstation kernel: pci 0000:0a:06.0: PME# supported from D0 D3hot D3cold
may 07 23:19:07 hackstation kernel: pci 0000:0a:07.0: [1022:43f5] type 01 class 0x060400 PCIe Switch Downstream Port
may 07 23:19:07 hackstation kernel: pci 0000:0a:07.0: PCI bridge to [bus 0f]
may 07 23:19:07 hackstation kernel: pci 0000:0a:07.0: enabling Extended Tags
may 07 23:19:07 hackstation kernel: pci 0000:0a:07.0: PME# supported from D0 D3hot D3cold
may 07 23:19:07 hackstation kernel: pci 0000:0a:08.0: [1022:43f5] type 01 class 0x060400 PCIe Switch Downstream Port
may 07 23:19:07 hackstation kernel: pci 0000:0a:08.0: PCI bridge to [bus 10]
may 07 23:19:07 hackstation kernel: pci 0000:0a:08.0:   bridge window [mem 0xf5500000-0xf55fffff]
may 07 23:19:07 hackstation kernel: pci 0000:0a:08.0: enabling Extended Tags
may 07 23:19:07 hackstation kernel: pci 0000:0a:08.0: PME# supported from D0 D3hot D3cold
may 07 23:19:07 hackstation kernel: pci 0000:0a:0c.0: [1022:43f5] type 01 class 0x060400 PCIe Switch Downstream Port
may 07 23:19:07 hackstation kernel: pci 0000:0a:0c.0: PCI bridge to [bus 11]
may 07 23:19:07 hackstation kernel: pci 0000:0a:0c.0:   bridge window [mem 0xf5400000-0xf54fffff]
may 07 23:19:07 hackstation kernel: pci 0000:0a:0c.0: enabling Extended Tags
may 07 23:19:07 hackstation kernel: pci 0000:0a:0c.0: PME# supported from D0 D3hot D3cold
may 07 23:19:07 hackstation kernel: pci 0000:0a:0d.0: [1022:43f5] type 01 class 0x060400 PCIe Switch Downstream Port
may 07 23:19:07 hackstation kernel: pci 0000:0a:0d.0: PCI bridge to [bus 12]
may 07 23:19:07 hackstation kernel: pci 0000:0a:0d.0:   bridge window [mem 0xf5200000-0xf53fffff]
may 07 23:19:07 hackstation kernel: pci 0000:0a:0d.0: enabling Extended Tags
may 07 23:19:07 hackstation kernel: pci 0000:0a:0d.0: PME# supported from D0 D3hot D3cold
may 07 23:19:07 hackstation kernel: pci 0000:09:00.0: PCI bridge to [bus 0a-12]
may 07 23:19:07 hackstation kernel: pci 0000:0b:00.0: [144d:a80a] type 00 class 0x010802 PCIe Endpoint
may 07 23:19:07 hackstation kernel: pci 0000:0b:00.0: BAR 0 [mem 0xf5600000-0xf5603fff 64bit]
may 07 23:19:07 hackstation kernel: pci 0000:0b:00.0: enabling Extended Tags
may 07 23:19:07 hackstation kernel: pci 0000:0a:00.0: PCI bridge to [bus 0b]
may 07 23:19:07 hackstation kernel: pci 0000:0a:04.0: PCI bridge to [bus 0c]
may 07 23:19:07 hackstation kernel: pci 0000:0a:05.0: PCI bridge to [bus 0d]
may 07 23:19:07 hackstation kernel: pci 0000:0a:06.0: PCI bridge to [bus 0e]
may 07 23:19:07 hackstation kernel: pci 0000:0a:07.0: PCI bridge to [bus 0f]
may 07 23:19:07 hackstation kernel: pci 0000:10:00.0: [144d:a80a] type 00 class 0x010802 PCIe Endpoint
may 07 23:19:07 hackstation kernel: pci 0000:10:00.0: BAR 0 [mem 0xf5500000-0xf5503fff 64bit]
may 07 23:19:07 hackstation kernel: pci 0000:10:00.0: enabling Extended Tags
may 07 23:19:07 hackstation kernel: pci 0000:0a:08.0: PCI bridge to [bus 10]
may 07 23:19:07 hackstation kernel: pci 0000:11:00.0: [1022:43f7] type 00 class 0x0c0330 PCIe Legacy Endpoint
may 07 23:19:07 hackstation kernel: pci 0000:11:00.0: BAR 0 [mem 0xf5400000-0xf5407fff 64bit]
may 07 23:19:07 hackstation kernel: pci 0000:11:00.0: enabling Extended Tags
may 07 23:19:07 hackstation kernel: pci 0000:11:00.0: PME# supported from D0 D3hot D3cold
may 07 23:19:07 hackstation kernel: pci 0000:0a:0c.0: PCI bridge to [bus 11]
may 07 23:19:07 hackstation kernel: pci 0000:12:00.0: [1022:43f6] type 00 class 0x010601 PCIe Legacy Endpoint
may 07 23:19:07 hackstation kernel: pci 0000:12:00.0: BAR 5 [mem 0xf5280000-0xf52803ff]
may 07 23:19:07 hackstation kernel: pci 0000:12:00.0: ROM [mem 0xf5200000-0xf527ffff pref]
may 07 23:19:07 hackstation kernel: pci 0000:12:00.0: enabling Extended Tags
may 07 23:19:07 hackstation kernel: pci 0000:12:00.0: PME# supported from D0 D3hot D3cold
may 07 23:19:07 hackstation kernel: pci 0000:0a:0d.0: PCI bridge to [bus 12]
may 07 23:19:07 hackstation kernel: pci 0000:13:00.0: [1022:43f7] type 00 class 0x0c0330 PCIe Legacy Endpoint
may 07 23:19:07 hackstation kernel: pci 0000:13:00.0: BAR 0 [mem 0xf5a00000-0xf5a07fff 64bit]
may 07 23:19:07 hackstation kernel: pci 0000:13:00.0: enabling Extended Tags
may 07 23:19:07 hackstation kernel: pci 0000:13:00.0: PME# supported from D0 D3hot D3cold
may 07 23:19:07 hackstation kernel: pci 0000:03:0c.0: PCI bridge to [bus 13]
may 07 23:19:07 hackstation kernel: pci 0000:14:00.0: [1022:43f6] type 00 class 0x010601 PCIe Legacy Endpoint
may 07 23:19:07 hackstation kernel: pci 0000:14:00.0: BAR 5 [mem 0xf5980000-0xf59803ff]
may 07 23:19:07 hackstation kernel: pci 0000:14:00.0: ROM [mem 0xf5900000-0xf597ffff pref]
may 07 23:19:07 hackstation kernel: pci 0000:14:00.0: enabling Extended Tags
may 07 23:19:07 hackstation kernel: pci 0000:14:00.0: PME# supported from D0 D3hot D3cold
may 07 23:19:07 hackstation kernel: pci 0000:03:0d.0: PCI bridge to [bus 14]
may 07 23:19:07 hackstation kernel: pci 0000:15:00.0: [1002:164e] type 00 class 0x030000 PCIe Legacy Endpoint
may 07 23:19:07 hackstation kernel: pci 0000:15:00.0: BAR 0 [mem 0xf810000000-0xf81fffffff 64bit pref]
may 07 23:19:07 hackstation kernel: pci 0000:15:00.0: BAR 2 [mem 0xf820000000-0xf8201fffff 64bit pref]
may 07 23:19:07 hackstation kernel: pci 0000:15:00.0: BAR 4 [io  0xe000-0xe0ff]
may 07 23:19:07 hackstation kernel: pci 0000:15:00.0: BAR 5 [mem 0xf6000000-0xf607ffff]
may 07 23:19:07 hackstation kernel: pci 0000:15:00.0: enabling Extended Tags
may 07 23:19:07 hackstation kernel: pci 0000:15:00.0: PME# supported from D1 D2 D3hot D3cold
may 07 23:19:07 hackstation kernel: pci 0000:15:00.1: [1002:1640] type 00 class 0x040300 PCIe Legacy Endpoint
may 07 23:19:07 hackstation kernel: pci 0000:15:00.1: BAR 0 [mem 0xf6088000-0xf608bfff]
may 07 23:19:07 hackstation kernel: pci 0000:15:00.1: enabling Extended Tags
may 07 23:19:07 hackstation kernel: pci 0000:15:00.1: PME# supported from D1 D2 D3hot D3cold
may 07 23:19:07 hackstation kernel: pci 0000:15:00.2: [1022:1649] type 00 class 0x108000 PCIe Endpoint
may 07 23:19:07 hackstation kernel: pci 0000:15:00.2: BAR 2 [mem 0xf5f00000-0xf5ffffff]
may 07 23:19:07 hackstation kernel: pci 0000:15:00.2: BAR 5 [mem 0xf608c000-0xf608dfff]
may 07 23:19:07 hackstation kernel: pci 0000:15:00.2: enabling Extended Tags
may 07 23:19:07 hackstation kernel: pci 0000:15:00.3: [1022:15b6] type 00 class 0x0c0330 PCIe Endpoint
may 07 23:19:07 hackstation kernel: pci 0000:15:00.3: BAR 0 [mem 0xf5e00000-0xf5efffff 64bit]
may 07 23:19:07 hackstation kernel: pci 0000:15:00.3: enabling Extended Tags
may 07 23:19:07 hackstation kernel: pci 0000:15:00.3: PME# supported from D0 D3hot D3cold
may 07 23:19:07 hackstation kernel: pci 0000:15:00.4: [1022:15b7] type 00 class 0x0c0330 PCIe Endpoint
may 07 23:19:07 hackstation kernel: pci 0000:15:00.4: BAR 0 [mem 0xf5d00000-0xf5dfffff 64bit]
may 07 23:19:07 hackstation kernel: pci 0000:15:00.4: enabling Extended Tags
may 07 23:19:07 hackstation kernel: pci 0000:15:00.4: PME# supported from D0 D3hot D3cold
may 07 23:19:07 hackstation kernel: pci 0000:15:00.6: [1022:15e3] type 00 class 0x040300 PCIe Endpoint
may 07 23:19:07 hackstation kernel: pci 0000:15:00.6: BAR 0 [mem 0xf6080000-0xf6087fff]
may 07 23:19:07 hackstation kernel: pci 0000:15:00.6: enabling Extended Tags
may 07 23:19:07 hackstation kernel: pci 0000:15:00.6: PME# supported from D0 D3hot D3cold
may 07 23:19:07 hackstation kernel: pci 0000:00:08.1: PCI bridge to [bus 15]
may 07 23:19:07 hackstation kernel: pci 0000:16:00.0: [1022:15b8] type 00 class 0x0c0330 PCIe Endpoint
may 07 23:19:07 hackstation kernel: pci 0000:16:00.0: BAR 0 [mem 0xf6100000-0xf61fffff 64bit]
may 07 23:19:07 hackstation kernel: pci 0000:16:00.0: enabling Extended Tags
may 07 23:19:07 hackstation kernel: pci 0000:16:00.0: PME# supported from D0 D3hot D3cold
may 07 23:19:07 hackstation kernel: pci 0000:00:08.3: PCI bridge to [bus 16]
may 07 23:19:07 hackstation kernel: ACPI: PCI: Interrupt link LNKA configured for IRQ 0
may 07 23:19:07 hackstation kernel: ACPI: PCI: Interrupt link LNKB configured for IRQ 0
may 07 23:19:07 hackstation kernel: ACPI: PCI: Interrupt link LNKC configured for IRQ 0
may 07 23:19:07 hackstation kernel: ACPI: PCI: Interrupt link LNKD configured for IRQ 0
may 07 23:19:07 hackstation kernel: ACPI: PCI: Interrupt link LNKE configured for IRQ 0
may 07 23:19:07 hackstation kernel: ACPI: PCI: Interrupt link LNKF configured for IRQ 0
may 07 23:19:07 hackstation kernel: ACPI: PCI: Interrupt link LNKG configured for IRQ 0
may 07 23:19:07 hackstation kernel: ACPI: PCI: Interrupt link LNKH configured for IRQ 0
may 07 23:19:07 hackstation kernel: iommu: Default domain type: Translated (set via kernel command line)
may 07 23:19:07 hackstation kernel: iommu: DMA domain TLB invalidation policy: strict mode (set via kernel command line)
may 07 23:19:07 hackstation kernel: ACPI: bus type USB registered
may 07 23:19:07 hackstation kernel: usbcore: registered new interface driver usbfs
may 07 23:19:07 hackstation kernel: usbcore: registered new interface driver hub
may 07 23:19:07 hackstation kernel: usbcore: registered new device driver usb
may 07 23:19:07 hackstation kernel: efivars: Registered efivars operations
may 07 23:19:07 hackstation kernel: NetLabel: Initializing
may 07 23:19:07 hackstation kernel: NetLabel:  domain hash size = 128
may 07 23:19:07 hackstation kernel: NetLabel:  protocols = UNLABELED CIPSOv4 CALIPSO
may 07 23:19:07 hackstation kernel: NetLabel:  unlabeled traffic allowed by default
may 07 23:19:07 hackstation kernel: PCI: Using ACPI for IRQ routing
may 07 23:19:07 hackstation kernel: PCI: pci_cache_line_size set to 64 bytes
may 07 23:19:07 hackstation kernel: pci 0000:00:02.1: bridge window [mem 0xf5200000-0xf5cfffff]: can't claim; address conflict with AMDIF031:00 [mem 0xf5300000-0xf5300fff]
may 07 23:19:07 hackstation kernel: pci 0000:02:00.0: bridge window [mem 0xf5200000-0xf5cfffff]: can't claim; no compatible bridge window
may 07 23:19:07 hackstation kernel: pci 0000:03:04.0: bridge window [mem 0xf5c00000-0xf5cfffff]: can't claim; no compatible bridge window
may 07 23:19:07 hackstation kernel: pci 0000:03:06.0: bridge window [mem 0xf5700000-0xf58fffff]: can't claim; no compatible bridge window
may 07 23:19:07 hackstation kernel: pci 0000:03:07.0: bridge window [mem 0xf5b00000-0xf5bfffff]: can't claim; no compatible bridge window
may 07 23:19:07 hackstation kernel: pci 0000:03:08.0: bridge window [mem 0xf5200000-0xf56fffff]: can't claim; no compatible bridge window
may 07 23:19:07 hackstation kernel: pci 0000:09:00.0: bridge window [mem 0xf5200000-0xf56fffff]: can't claim; no compatible bridge window
may 07 23:19:07 hackstation kernel: pci 0000:0a:00.0: bridge window [mem 0xf5600000-0xf56fffff]: can't claim; no compatible bridge window
may 07 23:19:07 hackstation kernel: pci 0000:0a:08.0: bridge window [mem 0xf5500000-0xf55fffff]: can't claim; no compatible bridge window
may 07 23:19:07 hackstation kernel: pci 0000:0a:0c.0: bridge window [mem 0xf5400000-0xf54fffff]: can't claim; no compatible bridge window
may 07 23:19:07 hackstation kernel: pci 0000:0a:0d.0: bridge window [mem 0xf5200000-0xf53fffff]: can't claim; no compatible bridge window
may 07 23:19:07 hackstation kernel: pci 0000:03:0c.0: bridge window [mem 0xf5a00000-0xf5afffff]: can't claim; no compatible bridge window
may 07 23:19:07 hackstation kernel: pci 0000:03:0d.0: bridge window [mem 0xf5900000-0xf59fffff]: can't claim; no compatible bridge window
may 07 23:19:07 hackstation kernel: pci 0000:05:00.0: BAR 2 [mem 0xf5c04000-0xf5c04fff 64bit]: can't claim; no compatible bridge window
may 07 23:19:07 hackstation kernel: pci 0000:05:00.0: BAR 4 [mem 0xf5c00000-0xf5c03fff 64bit]: can't claim; no compatible bridge window
may 07 23:19:07 hackstation kernel: pci 0000:08:00.0: BAR 2 [mem 0xf5b00000-0xf5b0ffff 64bit]: can't claim; no compatible bridge window
may 07 23:19:07 hackstation kernel: pci 0000:08:00.0: BAR 4 [mem 0xf5b10000-0xf5b13fff 64bit]: can't claim; no compatible bridge window
may 07 23:19:07 hackstation kernel: pci 0000:12:00.0: BAR 5 [mem 0xf5280000-0xf52803ff]: can't claim; no compatible bridge window
may 07 23:19:07 hackstation kernel: pci 0000:14:00.0: BAR 5 [mem 0xf5980000-0xf59803ff]: can't claim; no compatible bridge window
may 07 23:19:07 hackstation kernel: pci 0000:07:00.0: BAR 0 [mem 0xf5700000-0xf57fffff 64bit pref]: can't claim; no compatible bridge window
may 07 23:19:07 hackstation kernel: pci 0000:07:00.0: BAR 2 [mem 0xf5800000-0xf5807fff 64bit]: can't claim; no compatible bridge window
may 07 23:19:07 hackstation kernel: pci 0000:0b:00.0: BAR 0 [mem 0xf5600000-0xf5603fff 64bit]: can't claim; no compatible bridge window
may 07 23:19:07 hackstation kernel: pci 0000:10:00.0: BAR 0 [mem 0xf5500000-0xf5503fff 64bit]: can't claim; no compatible bridge window
may 07 23:19:07 hackstation kernel: pci 0000:11:00.0: BAR 0 [mem 0xf5400000-0xf5407fff 64bit]: can't claim; no compatible bridge window
may 07 23:19:07 hackstation kernel: pci 0000:13:00.0: BAR 0 [mem 0xf5a00000-0xf5a07fff 64bit]: can't claim; no compatible bridge window
may 07 23:19:07 hackstation kernel: e820: reserve RAM buffer [mem 0x09aff000-0x0bffffff]
may 07 23:19:07 hackstation kernel: e820: reserve RAM buffer [mem 0x0a200000-0x0bffffff]
may 07 23:19:07 hackstation kernel: e820: reserve RAM buffer [mem 0x0b000000-0x0bffffff]
may 07 23:19:07 hackstation kernel: e820: reserve RAM buffer [mem 0x7c263018-0x7fffffff]
may 07 23:19:07 hackstation kernel: e820: reserve RAM buffer [mem 0x7c26e018-0x7fffffff]
may 07 23:19:07 hackstation kernel: e820: reserve RAM buffer [mem 0x7e9c6000-0x7fffffff]
may 07 23:19:07 hackstation kernel: e820: reserve RAM buffer [mem 0x8128c000-0x83ffffff]
may 07 23:19:07 hackstation kernel: e820: reserve RAM buffer [mem 0x8527f000-0x87ffffff]
may 07 23:19:07 hackstation kernel: e820: reserve RAM buffer [mem 0x99ffa000-0x9bffffff]
may 07 23:19:07 hackstation kernel: e820: reserve RAM buffer [mem 0x9a000000-0x9bffffff]
may 07 23:19:07 hackstation kernel: e820: reserve RAM buffer [mem 0x103df00000-0x103fffffff]
may 07 23:19:07 hackstation kernel: pci 0000:01:00.0: vgaarb: setting as boot VGA device
may 07 23:19:07 hackstation kernel: pci 0000:01:00.0: vgaarb: bridge control possible
may 07 23:19:07 hackstation kernel: pci 0000:01:00.0: vgaarb: VGA device added: decodes=io+mem,owns=none,locks=none
may 07 23:19:07 hackstation kernel: pci 0000:15:00.0: vgaarb: bridge control possible
may 07 23:19:07 hackstation kernel: pci 0000:15:00.0: vgaarb: VGA device added: decodes=io+mem,owns=none,locks=none
may 07 23:19:07 hackstation kernel: vgaarb: loaded
may 07 23:19:07 hackstation kernel: hpet0: at MMIO 0xfed00000, IRQs 2, 8, 0
may 07 23:19:07 hackstation kernel: hpet0: 3 comparators, 32-bit 14.318180 MHz counter
may 07 23:19:07 hackstation kernel: clocksource: Switched to clocksource tsc-early
may 07 23:19:07 hackstation kernel: VFS: Disk quotas dquot_6.6.0
may 07 23:19:07 hackstation kernel: VFS: Dquot-cache hash table entries: 512 (order 0, 4096 bytes)
may 07 23:19:07 hackstation kernel: AppArmor: AppArmor Filesystem Enabled
may 07 23:19:07 hackstation kernel: pnp: PnP ACPI init
may 07 23:19:07 hackstation kernel: system 00:00: [mem 0xe0000000-0xefffffff] has been reserved
may 07 23:19:07 hackstation kernel: system 00:01: [mem 0x1040000000-0x105fffffff window] has been reserved
may 07 23:19:07 hackstation kernel: system 00:03: [io  0x0a00-0x0a0f] has been reserved
may 07 23:19:07 hackstation kernel: system 00:03: [io  0x0a10-0x0a1f] has been reserved
may 07 23:19:07 hackstation kernel: system 00:03: [io  0x0a20-0x0a2f] has been reserved
may 07 23:19:07 hackstation kernel: system 00:04: [io  0x04d0-0x04d1] has been reserved
may 07 23:19:07 hackstation kernel: system 00:04: [io  0x040b] has been reserved
may 07 23:19:07 hackstation kernel: system 00:04: [io  0x04d6] has been reserved
may 07 23:19:07 hackstation kernel: system 00:04: [io  0x0c00-0x0c01] has been reserved
may 07 23:19:07 hackstation kernel: system 00:04: [io  0x0c14] has been reserved
may 07 23:19:07 hackstation kernel: system 00:04: [io  0x0c50-0x0c51] has been reserved
may 07 23:19:07 hackstation kernel: system 00:04: [io  0x0c52] has been reserved
may 07 23:19:07 hackstation kernel: system 00:04: [io  0x0c6c] has been reserved
may 07 23:19:07 hackstation kernel: system 00:04: [io  0x0c6f] has been reserved
may 07 23:19:07 hackstation kernel: system 00:04: [io  0x0cd8-0x0cdf] has been reserved
may 07 23:19:07 hackstation kernel: system 00:04: [io  0x0800-0x089f] has been reserved
may 07 23:19:07 hackstation kernel: system 00:04: [io  0x0b00-0x0b0f] has been reserved
may 07 23:19:07 hackstation kernel: system 00:04: [io  0x0b20-0x0b3f] has been reserved
may 07 23:19:07 hackstation kernel: system 00:04: [io  0x0900-0x090f] has been reserved
may 07 23:19:07 hackstation kernel: system 00:04: [io  0x0910-0x091f] has been reserved
may 07 23:19:07 hackstation kernel: system 00:04: [mem 0xfedc0000-0xfedc0fff] has been reserved
may 07 23:19:07 hackstation kernel: system 00:04: [mem 0xfee00000-0xfee00fff] has been reserved
may 07 23:19:07 hackstation kernel: system 00:04: [mem 0xfec10000-0xfec10fff] has been reserved
may 07 23:19:07 hackstation kernel: system 00:04: [mem 0xff000000-0xffffffff] has been reserved
may 07 23:19:07 hackstation kernel: pnp: PnP ACPI: found 5 devices
may 07 23:19:07 hackstation kernel: clocksource: acpi_pm: mask: 0xffffff max_cycles: 0xffffff, max_idle_ns: 2085701024 ns
may 07 23:19:07 hackstation kernel: NET: Registered PF_INET protocol family
may 07 23:19:07 hackstation kernel: IP idents hash table entries: 262144 (order: 9, 2097152 bytes, linear)
may 07 23:19:07 hackstation kernel: tcp_listen_portaddr_hash hash table entries: 32768 (order: 7, 524288 bytes, linear)
may 07 23:19:07 hackstation kernel: Table-perturb hash table entries: 65536 (order: 6, 262144 bytes, linear)
may 07 23:19:07 hackstation kernel: TCP established hash table entries: 524288 (order: 10, 4194304 bytes, linear)
may 07 23:19:07 hackstation kernel: TCP bind hash table entries: 65536 (order: 9, 2097152 bytes, linear)
may 07 23:19:07 hackstation kernel: TCP: Hash tables configured (established 524288 bind 65536)
may 07 23:19:07 hackstation kernel: MPTCP token hash table entries: 65536 (order: 8, 1572864 bytes, linear)
may 07 23:19:07 hackstation kernel: UDP hash table entries: 32768 (order: 9, 2097152 bytes, linear)
may 07 23:19:07 hackstation kernel: UDP-Lite hash table entries: 32768 (order: 9, 2097152 bytes, linear)
may 07 23:19:07 hackstation kernel: NET: Registered PF_UNIX/PF_LOCAL protocol family
may 07 23:19:07 hackstation kernel: NET: Registered PF_XDP protocol family
may 07 23:19:07 hackstation kernel: pci 0000:12:00.0: ROM [mem 0xf5200000-0xf527ffff pref]: can't claim; no compatible bridge window
may 07 23:19:07 hackstation kernel: pci 0000:14:00.0: ROM [mem 0xf5900000-0xf597ffff pref]: can't claim; no compatible bridge window
may 07 23:19:07 hackstation kernel: pci 0000:00:02.1: bridge window [mem 0xa0000000-0xa08fffff]: assigned
may 07 23:19:07 hackstation kernel: pci 0000:00:02.1: bridge window [mem 0x1060000000-0x10600fffff 64bit pref]: assigned
may 07 23:19:07 hackstation kernel: pci 0000:00:01.1: PCI bridge to [bus 01]
may 07 23:19:07 hackstation kernel: pci 0000:00:01.1:   bridge window [io  0xf000-0xffff]
may 07 23:19:07 hackstation kernel: pci 0000:00:01.1:   bridge window [mem 0xf4000000-0xf50fffff]
may 07 23:19:07 hackstation kernel: pci 0000:00:01.1:   bridge window [mem 0xf000000000-0xf801ffffff 64bit pref]
may 07 23:19:07 hackstation kernel: pci 0000:02:00.0: bridge window [mem 0xa0000000-0xa08fffff]: assigned
may 07 23:19:07 hackstation kernel: pci 0000:02:00.0: bridge window [mem 0x1060000000-0x10600fffff 64bit pref]: assigned
may 07 23:19:07 hackstation kernel: pci 0000:03:04.0: bridge window [mem 0xa0000000-0xa00fffff]: assigned
may 07 23:19:07 hackstation kernel: pci 0000:03:06.0: bridge window [mem 0xa0100000-0xa01fffff]: assigned
may 07 23:19:07 hackstation kernel: pci 0000:03:06.0: bridge window [mem 0x1060000000-0x10600fffff 64bit pref]: assigned
may 07 23:19:07 hackstation kernel: pci 0000:03:07.0: bridge window [mem 0xa0200000-0xa02fffff]: assigned
may 07 23:19:07 hackstation kernel: pci 0000:03:08.0: bridge window [mem 0xa0300000-0xa06fffff]: assigned
may 07 23:19:07 hackstation kernel: pci 0000:03:0c.0: bridge window [mem 0xa0700000-0xa07fffff]: assigned
may 07 23:19:07 hackstation kernel: pci 0000:03:0d.0: bridge window [mem 0xa0800000-0xa08fffff]: assigned
may 07 23:19:07 hackstation kernel: pci 0000:03:00.0: PCI bridge to [bus 04]
may 07 23:19:07 hackstation kernel: pci 0000:05:00.0: BAR 4 [mem 0xa0000000-0xa0003fff 64bit]: assigned
may 07 23:19:07 hackstation kernel: pci 0000:05:00.0: BAR 2 [mem 0xa0004000-0xa0004fff 64bit]: assigned
may 07 23:19:07 hackstation kernel: pci 0000:03:04.0: PCI bridge to [bus 05]
may 07 23:19:07 hackstation kernel: pci 0000:03:04.0:   bridge window [io  0xd000-0xdfff]
may 07 23:19:07 hackstation kernel: pci 0000:03:04.0:   bridge window [mem 0xa0000000-0xa00fffff]
may 07 23:19:07 hackstation kernel: pci 0000:03:05.0: PCI bridge to [bus 06]
may 07 23:19:07 hackstation kernel: pci 0000:07:00.0: BAR 0 [mem 0x1060000000-0x10600fffff 64bit pref]: assigned
may 07 23:19:07 hackstation kernel: pci 0000:07:00.0: BAR 2 [mem 0xa0100000-0xa0107fff 64bit]: assigned
may 07 23:19:07 hackstation kernel: pci 0000:03:06.0: PCI bridge to [bus 07]
may 07 23:19:07 hackstation kernel: pci 0000:03:06.0:   bridge window [mem 0xa0100000-0xa01fffff]
may 07 23:19:07 hackstation kernel: pci 0000:03:06.0:   bridge window [mem 0x1060000000-0x10600fffff 64bit pref]
may 07 23:19:07 hackstation kernel: pci 0000:08:00.0: BAR 2 [mem 0xa0200000-0xa020ffff 64bit]: assigned
may 07 23:19:07 hackstation kernel: pci 0000:08:00.0: BAR 4 [mem 0xa0210000-0xa0213fff 64bit]: assigned
may 07 23:19:07 hackstation kernel: pci 0000:03:07.0: PCI bridge to [bus 08]
may 07 23:19:07 hackstation kernel: pci 0000:03:07.0:   bridge window [io  0xc000-0xcfff]
may 07 23:19:07 hackstation kernel: pci 0000:03:07.0:   bridge window [mem 0xa0200000-0xa02fffff]
may 07 23:19:07 hackstation kernel: pci 0000:09:00.0: bridge window [mem 0xa0300000-0xa06fffff]: assigned
may 07 23:19:07 hackstation kernel: pci 0000:0a:00.0: bridge window [mem 0xa0300000-0xa03fffff]: assigned
may 07 23:19:07 hackstation kernel: pci 0000:0a:08.0: bridge window [mem 0xa0400000-0xa04fffff]: assigned
may 07 23:19:07 hackstation kernel: pci 0000:0a:0c.0: bridge window [mem 0xa0500000-0xa05fffff]: assigned
may 07 23:19:07 hackstation kernel: pci 0000:0a:0d.0: bridge window [mem 0xa0600000-0xa06fffff]: assigned
may 07 23:19:07 hackstation kernel: pci 0000:0b:00.0: BAR 0 [mem 0xa0300000-0xa0303fff 64bit]: assigned
may 07 23:19:07 hackstation kernel: pci 0000:0a:00.0: PCI bridge to [bus 0b]
may 07 23:19:07 hackstation kernel: pci 0000:0a:00.0:   bridge window [mem 0xa0300000-0xa03fffff]
may 07 23:19:07 hackstation kernel: pci 0000:0a:04.0: PCI bridge to [bus 0c]
may 07 23:19:07 hackstation kernel: pci 0000:0a:05.0: PCI bridge to [bus 0d]
may 07 23:19:07 hackstation kernel: pci 0000:0a:06.0: PCI bridge to [bus 0e]
may 07 23:19:07 hackstation kernel: pci 0000:0a:07.0: PCI bridge to [bus 0f]
may 07 23:19:07 hackstation kernel: pci 0000:10:00.0: BAR 0 [mem 0xa0400000-0xa0403fff 64bit]: assigned
may 07 23:19:07 hackstation kernel: pci 0000:0a:08.0: PCI bridge to [bus 10]
may 07 23:19:07 hackstation kernel: pci 0000:0a:08.0:   bridge window [mem 0xa0400000-0xa04fffff]
may 07 23:19:07 hackstation kernel: pci 0000:11:00.0: BAR 0 [mem 0xa0500000-0xa0507fff 64bit]: assigned
may 07 23:19:07 hackstation kernel: pci 0000:0a:0c.0: PCI bridge to [bus 11]
may 07 23:19:07 hackstation kernel: pci 0000:0a:0c.0:   bridge window [mem 0xa0500000-0xa05fffff]
may 07 23:19:07 hackstation kernel: pci 0000:12:00.0: ROM [mem 0xa0600000-0xa067ffff pref]: assigned
may 07 23:19:07 hackstation kernel: pci 0000:12:00.0: BAR 5 [mem 0xa0680000-0xa06803ff]: assigned
may 07 23:19:07 hackstation kernel: pci 0000:0a:0d.0: PCI bridge to [bus 12]
may 07 23:19:07 hackstation kernel: pci 0000:0a:0d.0:   bridge window [mem 0xa0600000-0xa06fffff]
may 07 23:19:07 hackstation kernel: pci 0000:09:00.0: PCI bridge to [bus 0a-12]
may 07 23:19:07 hackstation kernel: pci 0000:09:00.0:   bridge window [mem 0xa0300000-0xa06fffff]
may 07 23:19:07 hackstation kernel: pci 0000:03:08.0: PCI bridge to [bus 09-12]
may 07 23:19:07 hackstation kernel: pci 0000:03:08.0:   bridge window [mem 0xa0300000-0xa06fffff]
may 07 23:19:07 hackstation kernel: pci 0000:13:00.0: BAR 0 [mem 0xa0700000-0xa0707fff 64bit]: assigned
may 07 23:19:07 hackstation kernel: pci 0000:03:0c.0: PCI bridge to [bus 13]
may 07 23:19:07 hackstation kernel: pci 0000:03:0c.0:   bridge window [mem 0xa0700000-0xa07fffff]
may 07 23:19:07 hackstation kernel: pci 0000:14:00.0: ROM [mem 0xa0800000-0xa087ffff pref]: assigned
may 07 23:19:07 hackstation kernel: pci 0000:14:00.0: BAR 5 [mem 0xa0880000-0xa08803ff]: assigned
may 07 23:19:07 hackstation kernel: pci 0000:03:0d.0: PCI bridge to [bus 14]
may 07 23:19:07 hackstation kernel: pci 0000:03:0d.0:   bridge window [mem 0xa0800000-0xa08fffff]
may 07 23:19:07 hackstation kernel: pci 0000:02:00.0: PCI bridge to [bus 03-14]
may 07 23:19:07 hackstation kernel: pci 0000:02:00.0:   bridge window [io  0xc000-0xdfff]
may 07 23:19:07 hackstation kernel: pci 0000:02:00.0:   bridge window [mem 0xa0000000-0xa08fffff]
may 07 23:19:07 hackstation kernel: pci 0000:02:00.0:   bridge window [mem 0x1060000000-0x10600fffff 64bit pref]
may 07 23:19:07 hackstation kernel: pci 0000:00:02.1: PCI bridge to [bus 02-14]
may 07 23:19:07 hackstation kernel: pci 0000:00:02.1:   bridge window [io  0xc000-0xdfff]
may 07 23:19:07 hackstation kernel: pci 0000:00:02.1:   bridge window [mem 0xa0000000-0xa08fffff]
may 07 23:19:07 hackstation kernel: pci 0000:00:02.1:   bridge window [mem 0x1060000000-0x10600fffff 64bit pref]
may 07 23:19:07 hackstation kernel: pci 0000:00:08.1: PCI bridge to [bus 15]
may 07 23:19:07 hackstation kernel: pci 0000:00:08.1:   bridge window [io  0xe000-0xefff]
may 07 23:19:07 hackstation kernel: pci 0000:00:08.1:   bridge window [mem 0xf5d00000-0xf60fffff]
may 07 23:19:07 hackstation kernel: pci 0000:00:08.1:   bridge window [mem 0xf810000000-0xf8201fffff 64bit pref]
may 07 23:19:07 hackstation kernel: pci 0000:00:08.3: PCI bridge to [bus 16]
may 07 23:19:07 hackstation kernel: pci 0000:00:08.3:   bridge window [mem 0xf6100000-0xf61fffff]
may 07 23:19:07 hackstation kernel: pci_bus 0000:00: resource 4 [io  0x0000-0x03af window]
may 07 23:19:07 hackstation kernel: pci_bus 0000:00: resource 5 [io  0x03e0-0x0cf7 window]
may 07 23:19:07 hackstation kernel: pci_bus 0000:00: resource 6 [io  0x03b0-0x03df window]
may 07 23:19:07 hackstation kernel: pci_bus 0000:00: resource 7 [io  0x0d00-0xffff window]
may 07 23:19:07 hackstation kernel: pci_bus 0000:00: resource 8 [mem 0x000a0000-0x000dffff window]
may 07 23:19:07 hackstation kernel: pci_bus 0000:00: resource 9 [mem 0xa0000000-0xf6ffffff window]
may 07 23:19:07 hackstation kernel: pci_bus 0000:00: resource 10 [mem 0x1060000000-0xffffffffff window]
may 07 23:19:07 hackstation kernel: pci_bus 0000:01: resource 0 [io  0xf000-0xffff]
may 07 23:19:07 hackstation kernel: pci_bus 0000:01: resource 1 [mem 0xf4000000-0xf50fffff]
may 07 23:19:07 hackstation kernel: pci_bus 0000:01: resource 2 [mem 0xf000000000-0xf801ffffff 64bit pref]
may 07 23:19:07 hackstation kernel: pci_bus 0000:02: resource 0 [io  0xc000-0xdfff]
may 07 23:19:07 hackstation kernel: pci_bus 0000:02: resource 1 [mem 0xa0000000-0xa08fffff]
may 07 23:19:07 hackstation kernel: pci_bus 0000:02: resource 2 [mem 0x1060000000-0x10600fffff 64bit pref]
may 07 23:19:07 hackstation kernel: pci_bus 0000:03: resource 0 [io  0xc000-0xdfff]
may 07 23:19:07 hackstation kernel: pci_bus 0000:03: resource 1 [mem 0xa0000000-0xa08fffff]
may 07 23:19:07 hackstation kernel: pci_bus 0000:03: resource 2 [mem 0x1060000000-0x10600fffff 64bit pref]
may 07 23:19:07 hackstation kernel: pci_bus 0000:05: resource 0 [io  0xd000-0xdfff]
may 07 23:19:07 hackstation kernel: pci_bus 0000:05: resource 1 [mem 0xa0000000-0xa00fffff]
may 07 23:19:07 hackstation kernel: pci_bus 0000:07: resource 1 [mem 0xa0100000-0xa01fffff]
may 07 23:19:07 hackstation kernel: pci_bus 0000:07: resource 2 [mem 0x1060000000-0x10600fffff 64bit pref]
may 07 23:19:07 hackstation kernel: pci_bus 0000:08: resource 0 [io  0xc000-0xcfff]
may 07 23:19:07 hackstation kernel: pci_bus 0000:08: resource 1 [mem 0xa0200000-0xa02fffff]
may 07 23:19:07 hackstation kernel: pci_bus 0000:09: resource 1 [mem 0xa0300000-0xa06fffff]
may 07 23:19:07 hackstation kernel: pci_bus 0000:0a: resource 1 [mem 0xa0300000-0xa06fffff]
may 07 23:19:07 hackstation kernel: pci_bus 0000:0b: resource 1 [mem 0xa0300000-0xa03fffff]
may 07 23:19:07 hackstation kernel: pci_bus 0000:10: resource 1 [mem 0xa0400000-0xa04fffff]
may 07 23:19:07 hackstation kernel: pci_bus 0000:11: resource 1 [mem 0xa0500000-0xa05fffff]
may 07 23:19:07 hackstation kernel: pci_bus 0000:12: resource 1 [mem 0xa0600000-0xa06fffff]
may 07 23:19:07 hackstation kernel: pci_bus 0000:13: resource 1 [mem 0xa0700000-0xa07fffff]
may 07 23:19:07 hackstation kernel: pci_bus 0000:14: resource 1 [mem 0xa0800000-0xa08fffff]
may 07 23:19:07 hackstation kernel: pci_bus 0000:15: resource 0 [io  0xe000-0xefff]
may 07 23:19:07 hackstation kernel: pci_bus 0000:15: resource 1 [mem 0xf5d00000-0xf60fffff]
may 07 23:19:07 hackstation kernel: pci_bus 0000:15: resource 2 [mem 0xf810000000-0xf8201fffff 64bit pref]
may 07 23:19:07 hackstation kernel: pci_bus 0000:16: resource 1 [mem 0xf6100000-0xf61fffff]
may 07 23:19:07 hackstation kernel: pci 0000:01:00.1: extending delay after power-on from D3hot to 20 msec
may 07 23:19:07 hackstation kernel: pci 0000:01:00.1: D0 power state depends on 0000:01:00.0
may 07 23:19:07 hackstation kernel: pci 0000:11:00.0: enabling device (0000 -> 0002)
may 07 23:19:07 hackstation kernel: pci 0000:13:00.0: enabling device (0000 -> 0002)
may 07 23:19:07 hackstation kernel: pci 0000:15:00.1: D0 power state depends on 0000:15:00.0
may 07 23:19:07 hackstation kernel: pci 0000:15:00.3: enabling device (0000 -> 0002)
may 07 23:19:07 hackstation kernel: pci 0000:15:00.4: enabling device (0000 -> 0002)
may 07 23:19:07 hackstation kernel: pci 0000:16:00.0: enabling device (0000 -> 0002)
may 07 23:19:07 hackstation kernel: PCI: CLS 64 bytes, default 64
may 07 23:19:07 hackstation kernel: pci 0000:00:00.2: AMD-Vi: IOMMU performance counters supported
may 07 23:19:07 hackstation kernel: pci 0000:00:01.0: Adding to iommu group 0
may 07 23:19:07 hackstation kernel: pci 0000:00:01.1: Adding to iommu group 1
may 07 23:19:07 hackstation kernel: pci 0000:00:02.0: Adding to iommu group 2
may 07 23:19:07 hackstation kernel: pci 0000:00:02.1: Adding to iommu group 3
may 07 23:19:07 hackstation kernel: pci 0000:00:03.0: Adding to iommu group 4
may 07 23:19:07 hackstation kernel: pci 0000:00:04.0: Adding to iommu group 5
may 07 23:19:07 hackstation kernel: pci 0000:00:08.0: Adding to iommu group 6
may 07 23:19:07 hackstation kernel: pci 0000:00:08.1: Adding to iommu group 7
may 07 23:19:07 hackstation kernel: pci 0000:00:08.3: Adding to iommu group 8
may 07 23:19:07 hackstation kernel: pci 0000:00:14.0: Adding to iommu group 9
may 07 23:19:07 hackstation kernel: pci 0000:00:14.3: Adding to iommu group 9
may 07 23:19:07 hackstation kernel: Trying to unpack rootfs image as initramfs...
may 07 23:19:07 hackstation kernel: pci 0000:00:18.0: Adding to iommu group 10
may 07 23:19:07 hackstation kernel: pci 0000:00:18.1: Adding to iommu group 10
may 07 23:19:07 hackstation kernel: pci 0000:00:18.2: Adding to iommu group 10
may 07 23:19:07 hackstation kernel: pci 0000:00:18.3: Adding to iommu group 10
may 07 23:19:07 hackstation kernel: pci 0000:00:18.4: Adding to iommu group 10
may 07 23:19:07 hackstation kernel: pci 0000:00:18.5: Adding to iommu group 10
may 07 23:19:07 hackstation kernel: pci 0000:00:18.6: Adding to iommu group 10
may 07 23:19:07 hackstation kernel: pci 0000:00:18.7: Adding to iommu group 10
may 07 23:19:07 hackstation kernel: pci 0000:01:00.0: Adding to iommu group 11
may 07 23:19:07 hackstation kernel: pci 0000:01:00.1: Adding to iommu group 11
may 07 23:19:07 hackstation kernel: pci 0000:02:00.0: Adding to iommu group 12
may 07 23:19:07 hackstation kernel: pci 0000:03:00.0: Adding to iommu group 13
may 07 23:19:07 hackstation kernel: pci 0000:03:04.0: Adding to iommu group 14
may 07 23:19:07 hackstation kernel: pci 0000:03:05.0: Adding to iommu group 15
may 07 23:19:07 hackstation kernel: pci 0000:03:06.0: Adding to iommu group 16
may 07 23:19:07 hackstation kernel: pci 0000:03:07.0: Adding to iommu group 17
may 07 23:19:07 hackstation kernel: pci 0000:03:08.0: Adding to iommu group 18
may 07 23:19:07 hackstation kernel: pci 0000:03:0c.0: Adding to iommu group 19
may 07 23:19:07 hackstation kernel: pci 0000:03:0d.0: Adding to iommu group 20
may 07 23:19:07 hackstation kernel: pci 0000:05:00.0: Adding to iommu group 14
may 07 23:19:07 hackstation kernel: pci 0000:07:00.0: Adding to iommu group 16
may 07 23:19:07 hackstation kernel: pci 0000:08:00.0: Adding to iommu group 17
may 07 23:19:07 hackstation kernel: pci 0000:09:00.0: Adding to iommu group 18
may 07 23:19:07 hackstation kernel: pci 0000:0a:00.0: Adding to iommu group 18
may 07 23:19:07 hackstation kernel: pci 0000:0a:04.0: Adding to iommu group 18
may 07 23:19:07 hackstation kernel: pci 0000:0a:05.0: Adding to iommu group 18
may 07 23:19:07 hackstation kernel: pci 0000:0a:06.0: Adding to iommu group 18
may 07 23:19:07 hackstation kernel: pci 0000:0a:07.0: Adding to iommu group 18
may 07 23:19:07 hackstation kernel: pci 0000:0a:08.0: Adding to iommu group 18
may 07 23:19:07 hackstation kernel: pci 0000:0a:0c.0: Adding to iommu group 18
may 07 23:19:07 hackstation kernel: pci 0000:0a:0d.0: Adding to iommu group 18
may 07 23:19:07 hackstation kernel: pci 0000:0b:00.0: Adding to iommu group 18
may 07 23:19:07 hackstation kernel: pci 0000:10:00.0: Adding to iommu group 18
may 07 23:19:07 hackstation kernel: pci 0000:11:00.0: Adding to iommu group 18
may 07 23:19:07 hackstation kernel: pci 0000:12:00.0: Adding to iommu group 18
may 07 23:19:07 hackstation kernel: pci 0000:13:00.0: Adding to iommu group 19
may 07 23:19:07 hackstation kernel: pci 0000:14:00.0: Adding to iommu group 20
may 07 23:19:07 hackstation kernel: pci 0000:15:00.0: Adding to iommu group 21
may 07 23:19:07 hackstation kernel: pci 0000:15:00.1: Adding to iommu group 22
may 07 23:19:07 hackstation kernel: pci 0000:15:00.2: Adding to iommu group 23
may 07 23:19:07 hackstation kernel: pci 0000:15:00.3: Adding to iommu group 24
may 07 23:19:07 hackstation kernel: pci 0000:15:00.4: Adding to iommu group 25
may 07 23:19:07 hackstation kernel: pci 0000:15:00.6: Adding to iommu group 26
may 07 23:19:07 hackstation kernel: pci 0000:16:00.0: Adding to iommu group 27
may 07 23:19:07 hackstation kernel: AMD-Vi: Extended features (0x246577efa2254afa, 0x0): PPR NX GT [5] IA GA PC GA_vAPIC
may 07 23:19:07 hackstation kernel: AMD-Vi: Interrupt remapping enabled
may 07 23:19:07 hackstation kernel: AMD-Vi: Virtual APIC enabled
may 07 23:19:07 hackstation kernel: PCI-DMA: Using software bounce buffering for IO (SWIOTLB)
may 07 23:19:07 hackstation kernel: software IO TLB: mapped [mem 0x0000000075d2d000-0x0000000079d2d000] (64MB)
may 07 23:19:07 hackstation kernel: LVT offset 0 assigned for vector 0x400
may 07 23:19:07 hackstation kernel: perf: AMD IBS detected (0x00000bff)
may 07 23:19:07 hackstation kernel: perf/amd_iommu: Detected AMD IOMMU #0 (2 banks, 4 counters/bank).
may 07 23:19:07 hackstation kernel: Initialise system trusted keyrings
may 07 23:19:07 hackstation kernel: workingset: timestamp_bits=40 max_order=24 bucket_order=0
may 07 23:19:07 hackstation kernel: Freeing initrd memory: 13616K
may 07 23:19:07 hackstation kernel: Key type asymmetric registered
may 07 23:19:07 hackstation kernel: Asymmetric key parser 'x509' registered
may 07 23:19:07 hackstation kernel: Block layer SCSI generic (bsg) driver version 0.4 loaded (major 251)
may 07 23:19:07 hackstation kernel: io scheduler mq-deadline registered
may 07 23:19:07 hackstation kernel: io scheduler kyber registered
may 07 23:19:07 hackstation kernel: pinctrl core: failed to create debugfs directory for AMDI0030:00
may 07 23:19:07 hackstation kernel: pcieport 0000:00:01.1: PME: Signaling with IRQ 29
may 07 23:19:07 hackstation kernel: pcieport 0000:00:02.1: PME: Signaling with IRQ 30
may 07 23:19:07 hackstation kernel: pcieport 0000:00:08.1: PME: Signaling with IRQ 31
may 07 23:19:07 hackstation kernel: pcieport 0000:00:08.3: PME: Signaling with IRQ 32
may 07 23:19:07 hackstation kernel: Monitor-Mwait will be used to enter C-1 state
may 07 23:19:07 hackstation kernel: Estimated ratio of average max frequency by base frequency (times 1024): 1127
may 07 23:19:07 hackstation kernel: Serial: 8250/16550 driver, 4 ports, IRQ sharing enabled
may 07 23:19:07 hackstation kernel: Linux agpgart interface v0.103
may 07 23:19:07 hackstation kernel: ACPI: bus type drm_connector registered
may 07 23:19:07 hackstation kernel: usbcore: registered new interface driver usbserial_generic
may 07 23:19:07 hackstation kernel: usbserial: USB Serial support registered for generic
may 07 23:19:07 hackstation kernel: simple-framebuffer simple-framebuffer.0: [drm] Registered 1 planes with drm panic
may 07 23:19:07 hackstation kernel: [drm] Initialized simpledrm 1.0.0 for simple-framebuffer.0 on minor 0
may 07 23:19:07 hackstation kernel: fbcon: Deferring console take-over
may 07 23:19:07 hackstation kernel: simple-framebuffer simple-framebuffer.0: [drm] fb0: simpledrmdrmfb frame buffer device
may 07 23:19:07 hackstation kernel: drop_monitor: Initializing network drop monitor service
may 07 23:19:07 hackstation kernel: NET: Registered PF_INET6 protocol family
may 07 23:19:07 hackstation kernel: Segment Routing with IPv6
may 07 23:19:07 hackstation kernel: In-situ OAM (IOAM) with IPv6
may 07 23:19:07 hackstation kernel: microcode: Current revision: 0x0a601209
may 07 23:19:07 hackstation kernel: microcode: Updated early from: 0x0a601209
may 07 23:19:07 hackstation kernel: resctrl: L3 allocation detected
may 07 23:19:07 hackstation kernel: resctrl: MB allocation detected
may 07 23:19:07 hackstation kernel: resctrl: SMBA allocation detected
may 07 23:19:07 hackstation kernel: resctrl: L3 monitoring detected
may 07 23:19:07 hackstation kernel: IPI shorthand broadcast: enabled
may 07 23:19:07 hackstation kernel: sched_clock: Marking stable (5542055310, 36756742)->(5595069689, -16257637)
may 07 23:19:07 hackstation kernel: registered taskstats version 1
may 07 23:19:07 hackstation kernel: Loading compiled-in X.509 certificates
may 07 23:19:07 hackstation kernel: Demotion targets for Node 0: null
may 07 23:19:07 hackstation kernel: Key type .fscrypt registered
may 07 23:19:07 hackstation kernel: Key type fscrypt-provisioning registered
may 07 23:19:07 hackstation kernel: AppArmor: AppArmor sha256 policy hashing enabled
may 07 23:19:07 hackstation kernel: PM:   Magic number: 9:181:310
may 07 23:19:07 hackstation kernel: tty tty39: hash matches
may 07 23:19:07 hackstation kernel: RAS: Correctable Errors collector initialized.
may 07 23:19:07 hackstation kernel: clk: Disabling unused clocks
may 07 23:19:07 hackstation kernel: PM: genpd: Disabling unused power domains
may 07 23:19:07 hackstation kernel: Freeing unused decrypted memory: 2028K
may 07 23:19:07 hackstation kernel: Freeing unused kernel image (initmem) memory: 3372K
may 07 23:19:07 hackstation kernel: Write protecting the kernel read-only data: 30720k
may 07 23:19:07 hackstation kernel: Freeing unused kernel image (rodata/data gap) memory: 1468K
may 07 23:19:07 hackstation kernel: x86/mm: Checked W+X mappings: passed, no W+X pages found.
may 07 23:19:07 hackstation kernel: x86/mm: Checking user space page tables
may 07 23:19:07 hackstation kernel: x86/mm: Checked W+X mappings: passed, no W+X pages found.
may 07 23:19:07 hackstation kernel: Run /init as init process
may 07 23:19:07 hackstation kernel:   with arguments:
may 07 23:19:07 hackstation kernel:     /init
may 07 23:19:07 hackstation kernel:     extra_latent_entropy
may 07 23:19:07 hackstation kernel:   with environment:
may 07 23:19:07 hackstation kernel:     HOME=/
may 07 23:19:07 hackstation kernel:     TERM=linux
may 07 23:19:07 hackstation kernel:     lockdown=confidentiality
may 07 23:19:07 hackstation kernel: fbcon: Taking over console
may 07 23:19:07 hackstation kernel: Console: switching to colour frame buffer device 100x37
may 07 23:19:07 hackstation stage-1-init: [Thu May  8 03:18:40 UTC 2025] loading module btrfs...
may 07 23:19:07 hackstation kernel: raid6: avx512x4 gen() 45320 MB/s
may 07 23:19:07 hackstation kernel: raid6: avx512x2 gen() 43155 MB/s
may 07 23:19:07 hackstation kernel: raid6: avx512x1 gen() 53591 MB/s
may 07 23:19:07 hackstation kernel: raid6: avx2x4   gen() 43785 MB/s
may 07 23:19:07 hackstation kernel: raid6: avx2x2   gen() 44356 MB/s
may 07 23:19:07 hackstation kernel: raid6: avx2x1   gen() 34684 MB/s
may 07 23:19:07 hackstation kernel: raid6: using algorithm avx512x1 gen() 53591 MB/s
may 07 23:19:07 hackstation kernel: raid6: .... xor() 39829 MB/s, rmw enabled
may 07 23:19:07 hackstation kernel: raid6: using avx512x2 recovery algorithm
may 07 23:19:07 hackstation kernel: xor: automatically using best checksumming function   avx       
may 07 23:19:07 hackstation kernel: Btrfs loaded, zoned=yes, fsverity=no
may 07 23:19:07 hackstation stage-1-init: [Thu May  8 03:18:40 UTC 2025] loading module dm_mod...
may 07 23:19:07 hackstation kernel: device-mapper: ioctl: 4.48.0-ioctl (2023-03-01) initialised: dm-devel@lists.linux.dev
may 07 23:19:07 hackstation stage-1-init: [Thu May  8 03:18:40 UTC 2025] running udev...
may 07 23:19:07 hackstation stage-1-init: [Thu May  8 03:18:40 UTC 2025] Starting systemd-udevd version 257.3
may 07 23:19:07 hackstation kernel: cryptd: max_cpu_qlen set to 1000
may 07 23:19:07 hackstation kernel: SCSI subsystem initialized
may 07 23:19:07 hackstation kernel: nvme 0000:0b:00.0: platform quirk: setting simple suspend
may 07 23:19:07 hackstation kernel: xhci_hcd 0000:11:00.0: xHCI Host Controller
may 07 23:19:07 hackstation kernel: xhci_hcd 0000:11:00.0: new USB bus registered, assigned bus number 1
may 07 23:19:07 hackstation kernel: nvme nvme0: pci function 0000:10:00.0
may 07 23:19:07 hackstation kernel: nvme 0000:10:00.0: enabling device (0000 -> 0002)
may 07 23:19:07 hackstation kernel: nvme nvme1: pci function 0000:0b:00.0
may 07 23:19:07 hackstation kernel: nvme 0000:0b:00.0: enabling device (0000 -> 0002)
